login as: pi
pi@192.168.0.123's password:
Linux raspberrypi 5.10.92-v8+ #1514 SMP PREEMPT Mon Jan 17 17:39:38 GMT 2022 aar                                                                                                             ch64

The programs included with the Debian GNU/Linux system are free software;
the exact distribution terms for each program are described in the
individual files in /usr/share/doc/*/copyright.

Debian GNU/Linux comes with ABSOLUTELY NO WARRANTY, to the extent
permitted by applicable law.
Last login: Fri Jan 28 03:22:08 2022

SSH is enabled and the default password for the 'pi' user has not been changed.
This is a security risk - please login as the 'pi' user and type 'passwd' to set                                                                                                              a new password.


Wi-Fi is currently blocked by rfkill.
Use raspi-config to set the country before use.

pi@raspberrypi:~ $ dir
Bookshelf  Desktop  Documents  Downloads  Music  Pictures  Public  Templates  Videos
pi@raspberrypi:~ $ cd Documents
pi@raspberrypi:~/Documents $ mkdir S3
pi@raspberrypi:~/Documents $ cd S3/
pi@raspberrypi:~/Documents/S3 $
pi@raspberrypi:~/Documents/S3 $
pi@raspberrypi:~/Documents/S3 $ ^[[200~wget https://bootstrap.pypa.io/get-pip.py
-bash: $'\E[200~wget': command not found
pi@raspberrypi:~/Documents/S3 $ wget https://bootstrap.pypa.io/get-pip.py
--2022-03-07 22:53:22--  https://bootstrap.pypa.io/get-pip.py
Resolving bootstrap.pypa.io (bootstrap.pypa.io)... 199.232.144.175, 2a04:4e42:64::175
Connecting to bootstrap.pypa.io (bootstrap.pypa.io)|199.232.144.175|:443... connected.
HTTP request sent, awaiting response... 200 OK
Length: 2658865 (2.5M) [text/x-python]
Saving to: ‘get-pip.py’

get-pip.py              100%[============================>]   2.54M  --.-KB/s    in 0.1s

2022-03-07 22:53:22 (19.1 MB/s) - ‘get-pip.py’ saved [2658865/2658865]

pi@raspberrypi:~/Documents/S3 $ sudo python3 get-pip.py
Looking in indexes: https://pypi.org/simple, https://www.piwheels.org/simple
Collecting pip
  Downloading https://www.piwheels.org/simple/pip/pip-22.0.4-py3-none-any.whl (2.1 MB)
     ━━━━━━━━━━━━━━━━━━━━━━━━━━━━━━━━━━━━━━━━ 2.1/2.1 MB 1.9 MB/s eta 0:00:00
Installing collected packages: pip
  Attempting uninstall: pip
    Found existing installation: pip 20.3.4
    Uninstalling pip-20.3.4:
      Successfully uninstalled pip-20.3.4
Successfully installed pip-22.0.4
WARNING: Running pip as the 'root' user can result in broken permissions and conflicting beha                                                                                                viour with the system package manager. It is recommended to use a virtual environment instead                                                                                                : https://pip.pypa.io/warnings/venv
pi@raspberrypi:~/Documents/S3 $ sudo apt-get update
Hit:1 http://deb.debian.org/debian bullseye InRelease
Get:2 http://deb.debian.org/debian bullseye-updates InRelease [39.4 kB]
Get:3 http://security.debian.org/debian-security bullseye-security InRelease [44.1 kB]
Get:4 http://archive.raspberrypi.org/debian bullseye InRelease [23.6 kB]
Get:5 http://security.debian.org/debian-security bullseye-security/main armhf Packages [123 k                                                                                                B]
Get:6 http://security.debian.org/debian-security bullseye-security/main arm64 Packages [120 k                                                                                                B]
Get:7 http://security.debian.org/debian-security bullseye-security/main Translation-en [76.7                                                                                                 kB]
Get:8 http://archive.raspberrypi.org/debian bullseye/main arm64 Packages [253 kB]
Get:9 http://archive.raspberrypi.org/debian bullseye/main armhf Packages [257 kB]
Fetched 936 kB in 2s (445 kB/s)
Reading package lists... Done
pi@raspberrypi:~/Documents/S3 $
pi@raspberrypi:~/Documents/S3 $ t
-bash: t: command not found
pi@raspberrypi:~/Documents/S3 $
pi@raspberrypi:~/Documents/S3 $ sudo apt-get install build-essential cmake pkg-config libjpeg                                                                                                -dev libtiff5-dev libjasper-dev libpng-dev libavcodec-dev libavformat-dev libswscale-dev libv                                                                                                4l-dev libxvidcore-dev libx264-dev libfontconfig1-dev libcairo2-dev libgdk-pixbuf2.0-dev libp                                                                                                ango1.0-dev libgtk2.0-dev libgtk-3-dev libatlas-base-dev gfortran libhdf5-dev libhdf5-serial-                                                                                                dev libhdf5-103 libqtgui4 libqtwebkit4 libqt4-test python3-pyqt5 python3-dev -y
Reading package lists... Done
Building dependency tree... Done
Reading state information... Done
Note, selecting 'libhdf5-dev' instead of 'libhdf5-serial-dev'
Package libqtgui4 is not available, but is referred to by another package.
This may mean that the package is missing, has been obsoleted, or
is only available from another source

E: Unable to locate package libjasper-dev
E: Package 'libqtgui4' has no installation candidate
E: Unable to locate package libqtwebkit4
E: Unable to locate package libqt4-test
pi@raspberrypi:~/Documents/S3 $ sudo apt-get upgrade
Reading package lists... Done
Building dependency tree... Done
Reading state information... Done
Calculating upgrade... Done
The following package was automatically installed and is no longer required:
  libfuse2
Use 'sudo apt autoremove' to remove it.
The following packages will be upgraded:
  arandr chromium-browser chromium-browser-l10n chromium-codecs-ffmpeg-extra gldriver-test
  gnome-settings-daemon-common libcamera-apps libcamera-tools libcamera0 libcryptsetup12
  libexpat1 libexpat1-dev libjavascriptcoregtk-4.0-18 libmutter-7-0 libpixman-1-0
  libsasl2-2 libsasl2-modules libsasl2-modules-db libsmbclient libssl1.1 libwbclient0
  libwebkit2gtk-4.0-37 lxinput lxpanel lxpanel-data mutter mutter-common openssl
  raspberrypi-ui-mods raspi-config rc-gui rpi-eeprom samba-libs
33 upgraded, 0 newly installed, 0 to remove and 0 not upgraded.
Need to get 119 MB of archives.
After this operation, 7,846 kB of additional disk space will be used.
Do you want to continue? [Y/n] y
Get:1 http://security.debian.org/debian-security bullseye-security/main arm64 libexpat1-dev a                                                                                                rm64 2.2.10-2+deb11u2 [127 kB]
Get:2 http://security.debian.org/debian-security bullseye-security/main arm64 libexpat1 arm64                                                                                                 2.2.10-2+deb11u2 [84.8 kB]
Get:3 http://security.debian.org/debian-security bullseye-security/main arm64 libsmbclient ar                                                                                                m64 2:4.13.13+dfsg-1~deb11u3 [164 kB]
Get:4 http://security.debian.org/debian-security bullseye-security/main arm64 samba-libs arm6                                                                                                4 2:4.13.13+dfsg-1~deb11u3 [5,367 kB]
Get:5 http://security.debian.org/debian-security bullseye-security/main arm64 libwbclient0 ar                                                                                                m64 2:4.13.13+dfsg-1~deb11u3 [307 kB]
Get:6 http://security.debian.org/debian-security bullseye-security/main arm64 libcryptsetup12                                                                                                 arm64 2:2.3.7-1+deb11u1 [230 kB]
Get:7 http://security.debian.org/debian-security bullseye-security/main arm64 libwebkit2gtk-4                                                                                                .0-37 arm64 2.34.6-1~deb11u1 [13.3 MB]
Get:8 http://archive.raspberrypi.org/debian bullseye/main arm64 chromium-browser-l10n all 98.                                                                                                0.4758.106-rpt1 [4,408 kB]
Get:9 http://security.debian.org/debian-security bullseye-security/main arm64 libjavascriptco                                                                                                regtk-4.0-18 arm64 2.34.6-1~deb11u1 [5,853 kB]
Get:10 http://security.debian.org/debian-security bullseye-security/main arm64 libsasl2-modul                                                                                                es-db arm64 2.1.27+dfsg-2.1+deb11u1 [69.4 kB]
Get:11 http://security.debian.org/debian-security bullseye-security/main arm64 libsasl2-2 arm                                                                                                64 2.1.27+dfsg-2.1+deb11u1 [105 kB]
Get:12 http://security.debian.org/debian-security bullseye-security/main arm64 libsasl2-modul                                                                                                es arm64 2.1.27+dfsg-2.1+deb11u1 [101 kB]
Get:13 http://archive.raspberrypi.org/debian bullseye/main arm64 chromium-browser arm64 98.0.                                                                                                4758.106-rpt1 [77.7 MB]
Get:14 http://archive.raspberrypi.org/debian bullseye/main arm64 chromium-codecs-ffmpeg-extra                                                                                                 arm64 98.0.4758.106-rpt1 [1,005 kB]
Get:15 http://archive.raspberrypi.org/debian bullseye/main arm64 libssl1.1 arm64 1.1.1k-1+deb                                                                                                11u1+rpt1 [1,389 kB]
Get:16 http://archive.raspberrypi.org/debian bullseye/main arm64 raspi-config all 20220303 [3                                                                                                0.7 kB]
Get:17 http://archive.raspberrypi.org/debian bullseye/main arm64 arandr all 0.1.10-1.1+rpt20                                                                                                 [71.7 kB]
Get:18 http://archive.raspberrypi.org/debian bullseye/main arm64 gldriver-test all 0.11 [4,03                                                                                                6 B]
Get:19 http://archive.raspberrypi.org/debian bullseye/main arm64 gnome-settings-daemon-common                                                                                                 all 3.38.2-1+rpt1 [596 kB]
Get:20 http://archive.raspberrypi.org/debian bullseye/main arm64 libcamera0 arm64 0~git202203                                                                                                03+e68e0f1e-1 [756 kB]
Get:21 http://archive.raspberrypi.org/debian bullseye/main arm64 libcamera-apps arm64 0~git20                                                                                                220228+0dc5ea0-1 [270 kB]
Get:22 http://archive.raspberrypi.org/debian bullseye/main arm64 libcamera-tools arm64 0~git2                                                                                                0220303+e68e0f1e-1 [75.8 kB]
Get:23 http://archive.raspberrypi.org/debian bullseye/main arm64 mutter-common all 1:3.38.6-2                                                                                                ~deb11u1+rpt3 [476 kB]
Get:24 http://archive.raspberrypi.org/debian bullseye/main arm64 libmutter-7-0 arm64 1:3.38.6                                                                                                -2~deb11u1+rpt3 [1,108 kB]
Get:25 http://archive.raspberrypi.org/debian bullseye/main arm64 libpixman-1-0 arm64 0.40.0-1                                                                                                +rpt1 [446 kB]
Get:26 http://archive.raspberrypi.org/debian bullseye/main arm64 lxinput arm64 0.3.5-1+rpi13                                                                                                 [64.4 kB]
Get:27 http://archive.raspberrypi.org/debian bullseye/main arm64 lxpanel arm64 0.10.1-2+rpt12                                                                                                 [204 kB]
Get:28 http://archive.raspberrypi.org/debian bullseye/main arm64 lxpanel-data all 0.10.1-2+rp                                                                                                t12 [1,079 kB]
Get:29 http://archive.raspberrypi.org/debian bullseye/main arm64 mutter arm64 1:3.38.6-2~deb1                                                                                                1u1+rpt3 [137 kB]
Get:30 http://archive.raspberrypi.org/debian bullseye/main arm64 openssl arm64 1.1.1k-1+deb11                                                                                                u1+rpt1 [828 kB]
Get:31 http://archive.raspberrypi.org/debian bullseye/main arm64 raspberrypi-ui-mods arm64 1.                                                                                                20220301 [398 kB]
Get:32 http://archive.raspberrypi.org/debian bullseye/main arm64 rc-gui arm64 1.55 [60.5 kB]
Get:33 http://archive.raspberrypi.org/debian bullseye/main arm64 rpi-eeprom arm64 13.10-1 [1,                                                                                                639 kB]
Fetched 119 MB in 9s (12.7 MB/s)
Reading changelogs... Done
Extracting templates from packages: 100%
Preconfiguring packages ...
(Reading database ... 90874 files and directories currently installed.)
Preparing to unpack .../0-chromium-browser-l10n_98.0.4758.106-rpt1_all.deb ...
Unpacking chromium-browser-l10n (98.0.4758.106-rpt1) over (95.0.4638.78-rpt6) ...
Preparing to unpack .../1-libexpat1-dev_2.2.10-2+deb11u2_arm64.deb ...
Unpacking libexpat1-dev:arm64 (2.2.10-2+deb11u2) over (2.2.10-2) ...
Preparing to unpack .../2-libexpat1_2.2.10-2+deb11u2_arm64.deb ...
Unpacking libexpat1:arm64 (2.2.10-2+deb11u2) over (2.2.10-2) ...
Preparing to unpack .../3-chromium-browser_98.0.4758.106-rpt1_arm64.deb ...
Unpacking chromium-browser (98.0.4758.106-rpt1) over (95.0.4638.78-rpt6) ...
Preparing to unpack .../4-chromium-codecs-ffmpeg-extra_98.0.4758.106-rpt1_arm64.deb ...
Unpacking chromium-codecs-ffmpeg-extra (98.0.4758.106-rpt1) over (95.0.4638.78-rpt6) ...
Preparing to unpack .../5-libsmbclient_2%3a4.13.13+dfsg-1~deb11u3_arm64.deb ...
Unpacking libsmbclient:arm64 (2:4.13.13+dfsg-1~deb11u3) over (2:4.13.13+dfsg-1~deb11u2) ...
Preparing to unpack .../6-samba-libs_2%3a4.13.13+dfsg-1~deb11u3_arm64.deb ...
Unpacking samba-libs:arm64 (2:4.13.13+dfsg-1~deb11u3) over (2:4.13.13+dfsg-1~deb11u2) ...
Preparing to unpack .../7-libwbclient0_2%3a4.13.13+dfsg-1~deb11u3_arm64.deb ...
Unpacking libwbclient0:arm64 (2:4.13.13+dfsg-1~deb11u3) over (2:4.13.13+dfsg-1~deb11u2) ...
Preparing to unpack .../8-libssl1.1_1.1.1k-1+deb11u1+rpt1_arm64.deb ...
Unpacking libssl1.1:arm64 (1.1.1k-1+deb11u1+rpt1) over (1.1.1k-1+deb11u1) ...
Setting up libssl1.1:arm64 (1.1.1k-1+deb11u1+rpt1) ...
(Reading database ... 90874 files and directories currently installed.)
Preparing to unpack .../00-raspi-config_20220303_all.deb ...
Unpacking raspi-config (20220303) over (20220112) ...
Preparing to unpack .../01-arandr_0.1.10-1.1+rpt20_all.deb ...
Unpacking arandr (0.1.10-1.1+rpt20) over (0.1.10-1.1+rpt17) ...
Preparing to unpack .../02-gldriver-test_0.11_all.deb ...
Unpacking gldriver-test (0.11) over (0.10) ...
Preparing to unpack .../03-gnome-settings-daemon-common_3.38.2-1+rpt1_all.deb ...
Unpacking gnome-settings-daemon-common (3.38.2-1+rpt1) over (3.38.2-1) ...
Preparing to unpack .../04-libcamera0_0~git20220303+e68e0f1e-1_arm64.deb ...
Unpacking libcamera0:arm64 (0~git20220303+e68e0f1e-1) over (0~git20220106+44d59841-2) ...
Preparing to unpack .../05-libcamera-apps_0~git20220228+0dc5ea0-1_arm64.deb ...
Unpacking libcamera-apps (0~git20220228+0dc5ea0-1) over (0~git20220105+b9a6923-1) ...
Preparing to unpack .../06-libcamera-tools_0~git20220303+e68e0f1e-1_arm64.deb ...
Unpacking libcamera-tools (0~git20220303+e68e0f1e-1) over (0~git20220106+44d59841-2) ...
Preparing to unpack .../07-libcryptsetup12_2%3a2.3.7-1+deb11u1_arm64.deb ...
Unpacking libcryptsetup12:arm64 (2:2.3.7-1+deb11u1) over (2:2.3.5-1) ...
Preparing to unpack .../08-libwebkit2gtk-4.0-37_2.34.6-1~deb11u1_arm64.deb ...
Unpacking libwebkit2gtk-4.0-37:arm64 (2.34.6-1~deb11u1) over (2.34.4-1~deb11u1) ...
Preparing to unpack .../09-libjavascriptcoregtk-4.0-18_2.34.6-1~deb11u1_arm64.deb ...
Unpacking libjavascriptcoregtk-4.0-18:arm64 (2.34.6-1~deb11u1) over (2.34.4-1~deb11u1) ...
Preparing to unpack .../10-mutter-common_1%3a3.38.6-2~deb11u1+rpt3_all.deb ...
Unpacking mutter-common (1:3.38.6-2~deb11u1+rpt3) over (1:3.38.6-2~deb11u1+rpt1) ...
Preparing to unpack .../11-libmutter-7-0_1%3a3.38.6-2~deb11u1+rpt3_arm64.deb ...
Unpacking libmutter-7-0:arm64 (1:3.38.6-2~deb11u1+rpt3) over (1:3.38.6-2~deb11u1+rpt1) ...
Preparing to unpack .../12-libpixman-1-0_0.40.0-1+rpt1_arm64.deb ...
Unpacking libpixman-1-0:arm64 (0.40.0-1+rpt1) over (0.40.0-1) ...
Preparing to unpack .../13-libsasl2-modules-db_2.1.27+dfsg-2.1+deb11u1_arm64.deb ...
Unpacking libsasl2-modules-db:arm64 (2.1.27+dfsg-2.1+deb11u1) over (2.1.27+dfsg-2.1) ...
Preparing to unpack .../14-libsasl2-2_2.1.27+dfsg-2.1+deb11u1_arm64.deb ...
Unpacking libsasl2-2:arm64 (2.1.27+dfsg-2.1+deb11u1) over (2.1.27+dfsg-2.1) ...
Preparing to unpack .../15-libsasl2-modules_2.1.27+dfsg-2.1+deb11u1_arm64.deb ...
Unpacking libsasl2-modules:arm64 (2.1.27+dfsg-2.1+deb11u1) over (2.1.27+dfsg-2.1) ...
Preparing to unpack .../16-lxinput_0.3.5-1+rpi13_arm64.deb ...
Unpacking lxinput (0.3.5-1+rpi13) over (0.3.5-1+rpi12) ...
Preparing to unpack .../17-lxpanel_0.10.1-2+rpt12_arm64.deb ...
Unpacking lxpanel (0.10.1-2+rpt12) over (0.10.1-2+rpt11) ...
Preparing to unpack .../18-lxpanel-data_0.10.1-2+rpt12_all.deb ...
Unpacking lxpanel-data (0.10.1-2+rpt12) over (0.10.1-2+rpt11) ...
Preparing to unpack .../19-mutter_1%3a3.38.6-2~deb11u1+rpt3_arm64.deb ...
Unpacking mutter (1:3.38.6-2~deb11u1+rpt3) over (1:3.38.6-2~deb11u1+rpt1) ...
Preparing to unpack .../20-openssl_1.1.1k-1+deb11u1+rpt1_arm64.deb ...
Unpacking openssl (1.1.1k-1+deb11u1+rpt1) over (1.1.1k-1+deb11u1) ...
Preparing to unpack .../21-raspberrypi-ui-mods_1.20220301_arm64.deb ...
Unpacking raspberrypi-ui-mods (1.20220301) over (1.20211123) ...
Preparing to unpack .../22-rc-gui_1.55_arm64.deb ...
Unpacking rc-gui (1.55) over (1.53) ...
Preparing to unpack .../23-rpi-eeprom_13.10-1_arm64.deb ...
Unpacking rpi-eeprom (13.10-1) over (13.5-1) ...
Setting up libexpat1:arm64 (2.2.10-2+deb11u2) ...
Setting up libpixman-1-0:arm64 (0.40.0-1+rpt1) ...
Setting up chromium-codecs-ffmpeg-extra (98.0.4758.106-rpt1) ...
Setting up gnome-settings-daemon-common (3.38.2-1+rpt1) ...
Setting up libsasl2-modules:arm64 (2.1.27+dfsg-2.1+deb11u1) ...
Setting up libjavascriptcoregtk-4.0-18:arm64 (2.34.6-1~deb11u1) ...
Setting up libwbclient0:arm64 (2:4.13.13+dfsg-1~deb11u3) ...
Setting up libsasl2-modules-db:arm64 (2.1.27+dfsg-2.1+deb11u1) ...
Setting up lxinput (0.3.5-1+rpi13) ...
Setting up mutter-common (1:3.38.6-2~deb11u1+rpt3) ...
Setting up libexpat1-dev:arm64 (2.2.10-2+deb11u2) ...
Setting up libsasl2-2:arm64 (2.1.27+dfsg-2.1+deb11u1) ...
Setting up libwebkit2gtk-4.0-37:arm64 (2.34.6-1~deb11u1) ...
Setting up chromium-browser (98.0.4758.106-rpt1) ...
Setting up chromium-browser-l10n (98.0.4758.106-rpt1) ...
Setting up libcryptsetup12:arm64 (2:2.3.7-1+deb11u1) ...
Setting up rpi-eeprom (13.10-1) ...
Setting up lxpanel-data (0.10.1-2+rpt12) ...
Setting up libcamera0:arm64 (0~git20220303+e68e0f1e-1) ...
Setting up openssl (1.1.1k-1+deb11u1+rpt1) ...
Setting up raspi-config (20220303) ...
Setting up rc-gui (1.55) ...
Setting up libcamera-tools (0~git20220303+e68e0f1e-1) ...
Setting up gldriver-test (0.11) ...
Setting up libcamera-apps (0~git20220228+0dc5ea0-1) ...
Setting up lxpanel (0.10.1-2+rpt12) ...
Setting up samba-libs:arm64 (2:4.13.13+dfsg-1~deb11u3) ...
Setting up libsmbclient:arm64 (2:4.13.13+dfsg-1~deb11u3) ...
Setting up arandr (0.1.10-1.1+rpt20) ...
Processing triggers for shared-mime-info (2.0-1) ...
Processing triggers for mailcap (3.69) ...
Processing triggers for desktop-file-utils (0.26-1) ...
Processing triggers for hicolor-icon-theme (0.17-2) ...
Processing triggers for gnome-menus (3.36.0-1) ...
Processing triggers for libglib2.0-0:arm64 (2.66.8-1) ...
Processing triggers for libc-bin (2.31-13+rpt2+rpi1+deb11u2) ...
Processing triggers for man-db (2.9.4-2) ...
Setting up libmutter-7-0:arm64 (1:3.38.6-2~deb11u1+rpt3) ...
Setting up mutter (1:3.38.6-2~deb11u1+rpt3) ...
Setting up raspberrypi-ui-mods (1.20220301) ...
Processing triggers for libc-bin (2.31-13+rpt2+rpi1+deb11u2) ...
pi@raspberrypi:~/Documents/S3 $ sudo apt-get install build-essential cmake pkg-config libjpeg                                                                                                -dev libtiff5-dev libjasper-dev libpng-dev libavcodec-dev libavformat-dev libswscale-dev libv                                                                                                4l-dev libxvidcore-dev libx264-dev libfontconfig1-dev libcairo2-dev libgdk-pixbuf2.0-dev libp                                                                                                ango1.0-dev libgtk2.0-dev libgtk-3-dev libatlas-base-dev gfortran libhdf5-dev libhdf5-serial-                                                                                                dev libhdf5-103 libqtgui4 libqtwebkit4 libqt4-test python3-pyqt5 python3-dev -y
Reading package lists... Done
Building dependency tree... Done
Reading state information... Done
Note, selecting 'libhdf5-dev' instead of 'libhdf5-serial-dev'
Package libqtgui4 is not available, but is referred to by another package.
This may mean that the package is missing, has been obsoleted, or
is only available from another source

E: Unable to locate package libjasper-dev
E: Package 'libqtgui4' has no installation candidate
E: Unable to locate package libqtwebkit4
E: Unable to locate package libqt4-test
pi@raspberrypi:~/Documents/S3 $ apt-cache search libqtgui4
pi@raspberrypi:~/Documents/S3 $ sudo apt-get install build-essential cmake pkg-config libjpeg                                                                                                -dev libtiff5-dev libpng-dev libavcodec-dev libavformat-dev libswscale-dev libv4l-dev libxvid                                                                                                core-dev libx264-dev libfontconfig1-dev libcairo2-dev libgdk-pixbuf2.0-dev libpango1.0-dev li                                                                                                bgtk2.0-dev libgtk-3-dev libatlas-base-dev gfortran libhdf5-dev libhdf5-serial-dev libhdf5-10                                                                                                3 python3-pyqt5 python3-dev -y
Reading package lists... Done
Building dependency tree... Done
Reading state information... Done
Note, selecting 'libhdf5-dev' instead of 'libhdf5-serial-dev'
build-essential is already the newest version (12.9).
libpng-dev is already the newest version (1.6.37-3).
libpng-dev set to manually installed.
pkg-config is already the newest version (0.29.2-1).
python3-dev is already the newest version (3.9.2-3).
python3-dev set to manually installed.
The following package was automatically installed and is no longer required:
  libfuse2
Use 'sudo apt autoremove' to remove it.
The following additional packages will be installed:
  autoconf automake autopoint autotools-dev cmake-data debhelper dh-autoreconf
  dh-strip-nondeterminism dwz gettext gfortran-10 gir1.2-atspi-2.0 gir1.2-gtk-2.0
  hdf5-helpers icu-devtools intltool-debian libaec-dev libaec0 libarchive-cpio-perl
  libarchive-zip-perl libatk-bridge2.0-dev libatk1.0-dev libatlas3-base libatspi2.0-dev
  libavutil-dev libblkid-dev libcairo-script-interpreter2 libdatrie-dev libdbus-1-dev
  libdebhelper-perl libdeflate-dev libegl-dev libegl1-mesa-dev libepoxy-dev libffi-dev
  libfile-stripnondeterminism-perl libfontconfig-dev libfribidi-dev libgdk-pixbuf-2.0-dev
  libgdk-pixbuf-xlib-2.0-dev libgdk-pixbuf2.0-bin libgfortran-10-dev libgl-dev libgles-dev
  libglib2.0-dev libglib2.0-dev-bin libglvnd-dev libglx-dev libgraphite2-dev
  libharfbuzz-dev libharfbuzz-gobject0 libhdf5-103-1 libhdf5-cpp-103-1 libhdf5-fortran-102
  libhdf5-hl-100 libhdf5-hl-cpp-100 libhdf5-hl-fortran-100 libice-dev libicu-dev
  libjbig-dev libjpeg62-turbo-dev libjsoncpp24 libltdl-dev liblzma-dev
  libmail-sendmail-perl libmount-dev libopengl-dev libopengl0 libpcre16-3 libpcre2-32-0
  libpcre2-dev libpcre3-dev libpcre32-3 libpcrecpp0v5 libpixman-1-dev libpthread-stubs0-dev
  libqt5designer5 libqt5help5 libqt5test5 librhash0 libselinux1-dev libsepol1-dev
  libsigsegv2 libsm-dev libsub-override-perl libswresample-dev libsys-hostname-long-perl
  libsz2 libthai-dev libtiff-dev libtiffxx5 libtool libwayland-bin libwayland-dev
  libx11-dev libxau-dev libxcb-render0-dev libxcb-shm0-dev libxcb1-dev libxcomposite-dev
  libxcursor-dev libxdamage-dev libxdmcp-dev libxext-dev libxfixes-dev libxft-dev libxi-dev
  libxinerama-dev libxkbcommon-dev libxml2-utils libxrandr-dev libxrender-dev libxtst-dev
  m4 pango1.0-tools po-debconf python3-pyqt5.sip uuid-dev wayland-protocols x11proto-dev
  x11proto-input-dev x11proto-randr-dev x11proto-record-dev x11proto-xext-dev
  x11proto-xinerama-dev xorg-sgml-doctools xtrans-dev
Suggested packages:
  autoconf-archive gnu-standards autoconf-doc cmake-doc ninja-build dh-make gettext-doc
  libasprintf-dev libgettextpo-dev gfortran-doc gfortran-10-doc libcoarrays-dev
  libatlas-doc liblapack-doc libcairo2-doc libdatrie-doc libgirepository1.0-dev
  libglib2.0-doc libgraphite2-utils libgtk-3-doc libgtk2.0-doc libhdf5-doc libice-doc
  icu-doc libtool-doc liblzma-doc imagemagick libpango1.0-doc libsm-doc libthai-doc gcj-jdk
  libwayland-doc libx11-doc libxcb-doc libxext-doc m4-doc libmail-box-perl
  python3-pyqt5-dbg
The following NEW packages will be installed:
  autoconf automake autopoint autotools-dev cmake cmake-data debhelper dh-autoreconf
  dh-strip-nondeterminism dwz gettext gfortran gfortran-10 gir1.2-atspi-2.0 gir1.2-gtk-2.0
  hdf5-helpers icu-devtools intltool-debian libaec-dev libaec0 libarchive-cpio-perl
  libarchive-zip-perl libatk-bridge2.0-dev libatk1.0-dev libatlas-base-dev libatlas3-base
  libatspi2.0-dev libavcodec-dev libavformat-dev libavutil-dev libblkid-dev
  libcairo-script-interpreter2 libcairo2-dev libdatrie-dev libdbus-1-dev libdebhelper-perl
  libdeflate-dev libegl-dev libegl1-mesa-dev libepoxy-dev libffi-dev
  libfile-stripnondeterminism-perl libfontconfig-dev libfontconfig1-dev libfribidi-dev
  libgdk-pixbuf-2.0-dev libgdk-pixbuf-xlib-2.0-dev libgdk-pixbuf2.0-bin
  libgdk-pixbuf2.0-dev libgfortran-10-dev libgl-dev libgles-dev libglib2.0-dev
  libglib2.0-dev-bin libglvnd-dev libglx-dev libgraphite2-dev libgtk-3-dev libgtk2.0-dev
  libharfbuzz-dev libharfbuzz-gobject0 libhdf5-103 libhdf5-103-1 libhdf5-cpp-103-1
  libhdf5-dev libhdf5-fortran-102 libhdf5-hl-100 libhdf5-hl-cpp-100 libhdf5-hl-fortran-100
  libice-dev libicu-dev libjbig-dev libjpeg-dev libjpeg62-turbo-dev libjsoncpp24
  libltdl-dev liblzma-dev libmail-sendmail-perl libmount-dev libopengl-dev libopengl0
  libpango1.0-dev libpcre16-3 libpcre2-32-0 libpcre2-dev libpcre3-dev libpcre32-3
  libpcrecpp0v5 libpixman-1-dev libpthread-stubs0-dev libqt5designer5 libqt5help5
  libqt5test5 librhash0 libselinux1-dev libsepol1-dev libsigsegv2 libsm-dev
  libsub-override-perl libswresample-dev libswscale-dev libsys-hostname-long-perl libsz2
  libthai-dev libtiff-dev libtiff5-dev libtiffxx5 libtool libv4l-dev libwayland-bin
  libwayland-dev libx11-dev libx264-dev libxau-dev libxcb-render0-dev libxcb-shm0-dev
  libxcb1-dev libxcomposite-dev libxcursor-dev libxdamage-dev libxdmcp-dev libxext-dev
  libxfixes-dev libxft-dev libxi-dev libxinerama-dev libxkbcommon-dev libxml2-utils
  libxrandr-dev libxrender-dev libxtst-dev libxvidcore-dev m4 pango1.0-tools po-debconf
  python3-pyqt5 python3-pyqt5.sip uuid-dev wayland-protocols x11proto-dev
  x11proto-input-dev x11proto-randr-dev x11proto-record-dev x11proto-xext-dev
  x11proto-xinerama-dev xorg-sgml-doctools xtrans-dev
0 upgraded, 147 newly installed, 0 to remove and 0 not upgraded.
Need to get 69.6 MB of archives.
After this operation, 308 MB of additional disk space will be used.
Get:1 http://deb.debian.org/debian bullseye/main arm64 libsigsegv2 arm64 2.13-1 [34.7 kB]
Get:2 http://deb.debian.org/debian bullseye/main arm64 m4 arm64 1.4.18-5 [199 kB]
Get:3 http://deb.debian.org/debian bullseye/main arm64 autoconf all 2.69-14 [313 kB]
Get:4 http://deb.debian.org/debian bullseye/main arm64 autotools-dev all 20180224.1+nmu1 [77.                                                                                                1 kB]
Get:5 http://deb.debian.org/debian bullseye/main arm64 automake all 1:1.16.3-2 [814 kB]
Get:6 http://deb.debian.org/debian bullseye/main arm64 autopoint all 0.21-4 [510 kB]
Get:7 http://security.debian.org/debian-security bullseye-security/main arm64 uuid-dev arm64                                                                                                 2.36.1-8+deb11u1 [99.6 kB]
Get:8 http://security.debian.org/debian-security bullseye-security/main arm64 libblkid-dev ar                                                                                                m64 2.36.1-8+deb11u1 [229 kB]
Get:9 http://security.debian.org/debian-security bullseye-security/main arm64 libmount-dev ar                                                                                                m64 2.36.1-8+deb11u1 [78.0 kB]
Get:10 http://deb.debian.org/debian bullseye/main arm64 libjsoncpp24 arm64 1.9.4-4 [72.5 kB]
Get:11 http://archive.raspberrypi.org/debian bullseye/main arm64 cmake-data all 3.18.4-2+rpt1                                                                                                +rpi1 [1,726 kB]
Get:12 http://deb.debian.org/debian bullseye/main arm64 librhash0 arm64 1.4.1-2 [127 kB]
Get:13 http://deb.debian.org/debian bullseye/main arm64 libdebhelper-perl all 13.3.4 [189 kB]
Get:14 http://deb.debian.org/debian bullseye/main arm64 libtool all 2.4.6-15 [513 kB]
Get:15 http://deb.debian.org/debian bullseye/main arm64 dh-autoreconf all 20 [17.1 kB]
Get:16 http://deb.debian.org/debian bullseye/main arm64 libarchive-zip-perl all 1.68-1 [104 k                                                                                                B]
Get:17 http://deb.debian.org/debian bullseye/main arm64 libsub-override-perl all 0.09-2 [10.2                                                                                                 kB]
Get:18 http://deb.debian.org/debian bullseye/main arm64 libfile-stripnondeterminism-perl all                                                                                                 1.12.0-1 [26.3 kB]
Get:19 http://deb.debian.org/debian bullseye/main arm64 dh-strip-nondeterminism all 1.12.0-1                                                                                                 [15.4 kB]
Get:20 http://deb.debian.org/debian bullseye/main arm64 dwz arm64 0.13+20210201-1 [155 kB]
Get:21 http://deb.debian.org/debian bullseye/main arm64 gettext arm64 0.21-4 [1,261 kB]
Get:22 http://deb.debian.org/debian bullseye/main arm64 intltool-debian all 0.35.0+20060710.5                                                                                                 [26.8 kB]
Get:23 http://deb.debian.org/debian bullseye/main arm64 po-debconf all 1.0.21+nmu1 [248 kB]
Get:24 http://deb.debian.org/debian bullseye/main arm64 debhelper all 13.3.4 [1,049 kB]
Get:25 http://deb.debian.org/debian bullseye/main arm64 libgfortran-10-dev arm64 10.2.1-6 [38                                                                                                8 kB]
Get:26 http://deb.debian.org/debian bullseye/main arm64 gfortran-10 arm64 10.2.1-6 [8,654 kB]
Get:27 http://archive.raspberrypi.org/debian bullseye/main arm64 cmake arm64 3.18.4-2+rpt1+rp                                                                                                i1 [3,669 kB]
Get:28 http://archive.raspberrypi.org/debian bullseye/main arm64 gir1.2-gtk-2.0 arm64 2.24.33                                                                                                -2+rpt1 [216 kB]
Get:29 http://deb.debian.org/debian bullseye/main arm64 gfortran arm64 4:10.2.1-1 [1,424 B]
Get:30 http://archive.raspberrypi.org/debian bullseye/main arm64 libavutil-dev arm64 7:4.3.3-                                                                                                0+rpt2+deb11u1 [434 kB]
Get:31 http://deb.debian.org/debian bullseye/main arm64 gir1.2-atspi-2.0 arm64 2.38.0-4 [22.7                                                                                                 kB]
Get:32 http://deb.debian.org/debian bullseye/main arm64 libgdk-pixbuf2.0-bin arm64 2.42.2+dfs                                                                                                g-1 [25.4 kB]
Get:33 http://deb.debian.org/debian bullseye/main arm64 libffi-dev arm64 3.3-6 [53.2 kB]
Get:34 http://deb.debian.org/debian bullseye/main arm64 libglib2.0-dev-bin arm64 2.66.8-1 [17                                                                                                7 kB]
Get:35 http://archive.raspberrypi.org/debian bullseye/main arm64 libswresample-dev arm64 7:4.                                                                                                3.3-0+rpt2+deb11u1 [110 kB]
Get:36 http://archive.raspberrypi.org/debian bullseye/main arm64 libavcodec-dev arm64 7:4.3.3                                                                                                -0+rpt2+deb11u1 [5,164 kB]
Get:37 http://deb.debian.org/debian bullseye/main arm64 libsepol1-dev arm64 3.1-1 [329 kB]
Get:38 http://archive.raspberrypi.org/debian bullseye/main arm64 libavformat-dev arm64 7:4.3.                                                                                                3-0+rpt2+deb11u1 [1,237 kB]
Get:39 http://archive.raspberrypi.org/debian bullseye/main arm64 libcairo-script-interpreter2                                                                                                 arm64 1.16.0-5+rpt1 [160 kB]
Get:40 http://archive.raspberrypi.org/debian bullseye/main arm64 libpixman-1-dev arm64 0.40.0                                                                                                -1+rpt1 [464 kB]
Get:41 http://archive.raspberrypi.org/debian bullseye/main arm64 libcairo2-dev arm64 1.16.0-5                                                                                                +rpt1 [712 kB]
Get:42 http://deb.debian.org/debian bullseye/main arm64 libpcre2-32-0 arm64 10.36-2 [193 kB]
Get:43 http://archive.raspberrypi.org/debian bullseye/main arm64 libegl1-mesa-dev arm64 20.3.                                                                                                5-1+rpt3+rpi1 [53.6 kB]
Get:44 http://archive.raspberrypi.org/debian bullseye/main arm64 libgtk-3-dev arm64 3.24.24-4                                                                                                +rpt3 [1,145 kB]
Get:45 http://deb.debian.org/debian bullseye/main arm64 libpcre2-dev arm64 10.36-2 [645 kB]
Get:46 http://archive.raspberrypi.org/debian bullseye/main arm64 libgtk2.0-dev arm64 2.24.33-                                                                                                2+rpt1 [827 kB]
Get:47 http://deb.debian.org/debian bullseye/main arm64 libselinux1-dev arm64 3.1-3 [171 kB]
Get:48 http://deb.debian.org/debian bullseye/main arm64 libpcre16-3 arm64 2:8.39-13 [236 kB]
Get:49 http://archive.raspberrypi.org/debian bullseye/main arm64 libswscale-dev arm64 7:4.3.3                                                                                                -0+rpt2+deb11u1 [200 kB]
Get:50 http://deb.debian.org/debian bullseye/main arm64 libpcre32-3 arm64 2:8.39-13 [229 kB]
Get:51 http://deb.debian.org/debian bullseye/main arm64 libpcrecpp0v5 arm64 2:8.39-13 [151 kB                                                                                                ]
Get:52 http://deb.debian.org/debian bullseye/main arm64 libpcre3-dev arm64 2:8.39-13 [579 kB]
Get:53 http://deb.debian.org/debian bullseye/main arm64 libglib2.0-dev arm64 2.66.8-1 [1,592                                                                                                 kB]
Get:54 http://deb.debian.org/debian bullseye/main arm64 libgdk-pixbuf-2.0-dev arm64 2.42.2+df                                                                                                sg-1 [56.7 kB]
Get:55 http://deb.debian.org/debian bullseye/main arm64 xorg-sgml-doctools all 1:1.11-1.1 [22                                                                                                .1 kB]
Get:56 http://deb.debian.org/debian bullseye/main arm64 x11proto-dev all 2020.1-1 [594 kB]
Get:57 http://deb.debian.org/debian bullseye/main arm64 libxau-dev arm64 1:1.0.9-1 [23.2 kB]
Get:58 http://deb.debian.org/debian bullseye/main arm64 libxdmcp-dev arm64 1:1.1.2-3 [41.2 kB                                                                                                ]
Get:59 http://deb.debian.org/debian bullseye/main arm64 xtrans-dev all 1.4.0-1 [98.7 kB]
Get:60 http://deb.debian.org/debian bullseye/main arm64 libpthread-stubs0-dev arm64 0.4-1 [5,                                                                                                336 B]
Get:61 http://deb.debian.org/debian bullseye/main arm64 libxcb1-dev arm64 1.14-3 [177 kB]
Get:62 http://deb.debian.org/debian bullseye/main arm64 libx11-dev arm64 2:1.7.2-1 [828 kB]
Get:63 http://deb.debian.org/debian bullseye/main arm64 libgdk-pixbuf-xlib-2.0-dev arm64 2.40                                                                                                .2-2 [16.5 kB]
Get:64 http://deb.debian.org/debian bullseye/main arm64 libgdk-pixbuf2.0-dev arm64 2.40.2-2 [                                                                                                14.2 kB]
Get:65 http://deb.debian.org/debian bullseye/main arm64 hdf5-helpers arm64 1.10.6+repack-4+de                                                                                                b11u1 [40.4 kB]
Get:66 http://deb.debian.org/debian bullseye/main arm64 icu-devtools arm64 67.1-7 [189 kB]
Get:67 http://deb.debian.org/debian bullseye/main arm64 libaec0 arm64 1.0.4-1 [19.8 kB]
Get:68 http://deb.debian.org/debian bullseye/main arm64 libsz2 arm64 1.0.4-1 [6,736 B]
Get:69 http://deb.debian.org/debian bullseye/main arm64 libaec-dev arm64 1.0.4-1 [18.2 kB]
Get:70 http://deb.debian.org/debian bullseye/main arm64 libarchive-cpio-perl all 0.10-1.1 [10                                                                                                .6 kB]
Get:71 http://deb.debian.org/debian bullseye/main arm64 libatk1.0-dev arm64 2.36.0-2 [104 kB]
Get:72 http://deb.debian.org/debian bullseye/main arm64 libdbus-1-dev arm64 1.12.20-2 [254 kB                                                                                                ]
Get:73 http://deb.debian.org/debian bullseye/main arm64 x11proto-xext-dev all 2020.1-1 [3,404                                                                                                 B]
Get:74 http://deb.debian.org/debian bullseye/main arm64 libxext-dev arm64 2:1.3.3-1.1 [107 kB                                                                                                ]
Get:75 http://deb.debian.org/debian bullseye/main arm64 libxfixes-dev arm64 1:5.0.3-2 [24.3 k                                                                                                B]
Get:76 http://deb.debian.org/debian bullseye/main arm64 x11proto-input-dev all 2020.1-1 [3,41                                                                                                2 B]
Get:77 http://deb.debian.org/debian bullseye/main arm64 libxi-dev arm64 2:1.7.10-1 [240 kB]
Get:78 http://deb.debian.org/debian bullseye/main arm64 x11proto-record-dev all 2020.1-1 [3,4                                                                                                08 B]
Get:79 http://deb.debian.org/debian bullseye/main arm64 libxtst-dev arm64 2:1.2.3-1 [31.1 kB]
Get:80 http://deb.debian.org/debian bullseye/main arm64 libatspi2.0-dev arm64 2.38.0-4 [74.5                                                                                                 kB]
Get:81 http://deb.debian.org/debian bullseye/main arm64 libatk-bridge2.0-dev arm64 2.38.0-1 [                                                                                                9,888 B]
Get:82 http://deb.debian.org/debian bullseye/main arm64 libatlas3-base arm64 3.10.3-10 [2,278                                                                                                 kB]
Get:83 http://deb.debian.org/debian bullseye/main arm64 libatlas-base-dev arm64 3.10.3-10 [2,                                                                                                419 kB]
Get:84 http://deb.debian.org/debian bullseye/main arm64 libfontconfig-dev arm64 2.13.1-4.2 [3                                                                                                67 kB]
Get:85 http://deb.debian.org/debian bullseye/main arm64 libfontconfig1-dev arm64 2.13.1-4.2 [                                                                                                238 kB]
Get:86 http://deb.debian.org/debian bullseye/main arm64 libxrender-dev arm64 1:0.9.10-1 [38.8                                                                                                 kB]
Get:87 http://deb.debian.org/debian bullseye/main arm64 libice-dev arm64 2:1.0.10-1 [66.0 kB]
Get:88 http://deb.debian.org/debian bullseye/main arm64 libsm-dev arm64 2:1.2.3-1 [37.4 kB]
Get:89 http://deb.debian.org/debian bullseye/main arm64 libxcb-render0-dev arm64 1.14-3 [114                                                                                                 kB]
Get:90 http://deb.debian.org/debian bullseye/main arm64 libxcb-shm0-dev arm64 1.14-3 [103 kB]
Get:91 http://deb.debian.org/debian bullseye/main arm64 libdatrie-dev arm64 0.2.13-1 [18.3 kB                                                                                                ]
Get:92 http://deb.debian.org/debian bullseye/main arm64 libdeflate-dev arm64 1.7-1 [44.5 kB]
Get:93 http://deb.debian.org/debian bullseye/main arm64 libglx-dev arm64 1.3.2-1 [16.3 kB]
Get:94 http://deb.debian.org/debian bullseye/main arm64 libgl-dev arm64 1.3.2-1 [100 kB]
Get:95 http://deb.debian.org/debian bullseye/main arm64 libegl-dev arm64 1.3.2-1 [19.6 kB]
Get:96 http://deb.debian.org/debian bullseye/main arm64 libgles-dev arm64 1.3.2-1 [50.3 kB]
Get:97 http://deb.debian.org/debian bullseye/main arm64 libopengl0 arm64 1.3.2-1 [32.4 kB]
Get:98 http://deb.debian.org/debian bullseye/main arm64 libopengl-dev arm64 1.3.2-1 [5,872 B]
Get:99 http://deb.debian.org/debian bullseye/main arm64 libglvnd-dev arm64 1.3.2-1 [13.9 kB]
Get:100 http://deb.debian.org/debian bullseye/main arm64 libepoxy-dev arm64 1.5.5-1 [127 kB]
Get:101 http://deb.debian.org/debian bullseye/main arm64 libfribidi-dev arm64 1.0.8-2 [105 kB                                                                                                ]
Get:102 http://deb.debian.org/debian bullseye/main arm64 libgraphite2-dev arm64 1.3.14-1 [24.                                                                                                0 kB]
Get:103 http://deb.debian.org/debian bullseye/main arm64 libharfbuzz-gobject0 arm64 2.7.4-1 [                                                                                                1,147 kB]
Get:104 http://deb.debian.org/debian bullseye/main arm64 libicu-dev arm64 67.1-7 [9,468 kB]
Get:105 http://deb.debian.org/debian bullseye/main arm64 libharfbuzz-dev arm64 2.7.4-1 [1,614                                                                                                 kB]
Get:106 http://deb.debian.org/debian bullseye/main arm64 libthai-dev arm64 0.1.28-3 [23.7 kB]
Get:107 http://deb.debian.org/debian bullseye/main arm64 libxft-dev arm64 2.3.2-2 [64.3 kB]
Get:108 http://deb.debian.org/debian bullseye/main arm64 pango1.0-tools arm64 1.46.2-3 [51.0                                                                                                 kB]
Get:109 http://deb.debian.org/debian bullseye/main arm64 libpango1.0-dev arm64 1.46.2-3 [166                                                                                                 kB]
Get:110 http://deb.debian.org/debian bullseye/main arm64 libwayland-bin arm64 1.18.0-2~exp1.1                                                                                                 [22.4 kB]
Get:111 http://deb.debian.org/debian bullseye/main arm64 libwayland-dev arm64 1.18.0-2~exp1.1                                                                                                 [69.0 kB]
Get:112 http://deb.debian.org/debian bullseye/main arm64 libxcomposite-dev arm64 1:0.4.5-1 [2                                                                                                0.2 kB]
Get:113 http://deb.debian.org/debian bullseye/main arm64 libxcursor-dev arm64 1:1.2.0-2 [45.2                                                                                                 kB]
Get:114 http://deb.debian.org/debian bullseye/main arm64 libxdamage-dev arm64 1:1.1.5-2 [15.7                                                                                                 kB]
Get:115 http://deb.debian.org/debian bullseye/main arm64 x11proto-xinerama-dev all 2020.1-1 [                                                                                                3,408 B]
Get:116 http://deb.debian.org/debian bullseye/main arm64 libxinerama-dev arm64 2:1.1.4-2 [20.                                                                                                1 kB]
Get:117 http://deb.debian.org/debian bullseye/main arm64 libxkbcommon-dev arm64 1.0.3-2 [49.4                                                                                                 kB]
Get:118 http://deb.debian.org/debian bullseye/main arm64 x11proto-randr-dev all 2020.1-1 [3,4                                                                                                12 B]
Get:119 http://deb.debian.org/debian bullseye/main arm64 libxrandr-dev arm64 2:1.5.1-1 [43.7                                                                                                 kB]
Get:120 http://deb.debian.org/debian bullseye/main arm64 wayland-protocols all 1.20-1 [60.5 k                                                                                                B]
Get:121 http://deb.debian.org/debian bullseye/main arm64 libxml2-utils arm64 2.9.10+dfsg-6.7                                                                                                 [107 kB]
Get:122 http://deb.debian.org/debian bullseye/main arm64 libhdf5-103-1 arm64 1.10.6+repack-4+                                                                                                deb11u1 [1,032 kB]
Get:123 http://deb.debian.org/debian bullseye/main arm64 libhdf5-hl-100 arm64 1.10.6+repack-4                                                                                                +deb11u1 [78.6 kB]
Get:124 http://deb.debian.org/debian bullseye/main arm64 libhdf5-fortran-102 arm64 1.10.6+rep                                                                                                ack-4+deb11u1 [103 kB]
Get:125 http://deb.debian.org/debian bullseye/main arm64 libhdf5-hl-fortran-100 arm64 1.10.6+                                                                                                repack-4+deb11u1 [55.1 kB]
Get:126 http://deb.debian.org/debian bullseye/main arm64 libhdf5-103 arm64 1.10.6+repack-4+de                                                                                                b11u1 [32.6 kB]
Get:127 http://deb.debian.org/debian bullseye/main arm64 libhdf5-cpp-103-1 arm64 1.10.6+repac                                                                                                k-4+deb11u1 [131 kB]
Get:128 http://deb.debian.org/debian bullseye/main arm64 libhdf5-hl-cpp-100 arm64 1.10.6+repa                                                                                                ck-4+deb11u1 [37.6 kB]
Get:129 http://deb.debian.org/debian bullseye/main arm64 libjpeg62-turbo-dev arm64 1:2.0.6-4                                                                                                 [255 kB]
Get:130 http://deb.debian.org/debian bullseye/main arm64 libjpeg-dev arm64 1:2.0.6-4 [67.8 kB                                                                                                ]
Get:131 http://deb.debian.org/debian bullseye/main arm64 libhdf5-dev arm64 1.10.6+repack-4+de                                                                                                b11u1 [2,539 kB]
Get:132 http://deb.debian.org/debian bullseye/main arm64 libjbig-dev arm64 2.1-3.1+b2 [28.3 k                                                                                                B]
Get:133 http://deb.debian.org/debian bullseye/main arm64 libltdl-dev arm64 2.4.6-15 [162 kB]
Get:134 http://deb.debian.org/debian bullseye/main arm64 liblzma-dev arm64 5.2.5-2 [227 kB]
Get:135 http://deb.debian.org/debian bullseye/main arm64 libsys-hostname-long-perl all 1.5-2                                                                                                 [11.8 kB]
Get:136 http://deb.debian.org/debian bullseye/main arm64 libmail-sendmail-perl all 0.80-1.1 [                                                                                                25.5 kB]
Get:137 http://deb.debian.org/debian bullseye/main arm64 libqt5designer5 arm64 5.15.2-5 [2,66                                                                                                3 kB]
Get:138 http://deb.debian.org/debian bullseye/main arm64 libqt5help5 arm64 5.15.2-5 [137 kB]
Get:139 http://deb.debian.org/debian bullseye/main arm64 libqt5test5 arm64 5.15.2+dfsg-9 [156                                                                                                 kB]
Get:140 http://deb.debian.org/debian bullseye/main arm64 libtiffxx5 arm64 4.2.0-1 [128 kB]
Get:141 http://deb.debian.org/debian bullseye/main arm64 libtiff-dev arm64 4.2.0-1 [404 kB]
Get:142 http://deb.debian.org/debian bullseye/main arm64 libtiff5-dev arm64 4.2.0-1 [125 kB]
Get:143 http://deb.debian.org/debian bullseye/main arm64 libv4l-dev arm64 1.20.0-2 [103 kB]
Get:144 http://deb.debian.org/debian bullseye/main arm64 libx264-dev arm64 2:0.160.3011+gitcd                                                                                                e9a93-2.1 [489 kB]
Get:145 http://deb.debian.org/debian bullseye/main arm64 libxvidcore-dev arm64 2:1.3.7-1 [344                                                                                                 kB]
Get:146 http://deb.debian.org/debian bullseye/main arm64 python3-pyqt5.sip arm64 12.8.1-1+b2                                                                                                 [53.5 kB]
Get:147 http://deb.debian.org/debian bullseye/main arm64 python3-pyqt5 arm64 5.15.2+dfsg-3 [2                                                                                                ,263 kB]
Fetched 69.6 MB in 13s (5,187 kB/s)
Extracting templates from packages: 100%
Selecting previously unselected package libsigsegv2:arm64.
(Reading database ... 90880 files and directories currently installed.)
Preparing to unpack .../000-libsigsegv2_2.13-1_arm64.deb ...
Unpacking libsigsegv2:arm64 (2.13-1) ...
Selecting previously unselected package m4.
Preparing to unpack .../001-m4_1.4.18-5_arm64.deb ...
Unpacking m4 (1.4.18-5) ...
Selecting previously unselected package autoconf.
Preparing to unpack .../002-autoconf_2.69-14_all.deb ...
Unpacking autoconf (2.69-14) ...
Selecting previously unselected package autotools-dev.
Preparing to unpack .../003-autotools-dev_20180224.1+nmu1_all.deb ...
Unpacking autotools-dev (20180224.1+nmu1) ...
Selecting previously unselected package automake.
Preparing to unpack .../004-automake_1%3a1.16.3-2_all.deb ...
Unpacking automake (1:1.16.3-2) ...
Selecting previously unselected package autopoint.
Preparing to unpack .../005-autopoint_0.21-4_all.deb ...
Unpacking autopoint (0.21-4) ...
Selecting previously unselected package cmake-data.
Preparing to unpack .../006-cmake-data_3.18.4-2+rpt1+rpi1_all.deb ...
Unpacking cmake-data (3.18.4-2+rpt1+rpi1) ...
Selecting previously unselected package libjsoncpp24:arm64.
Preparing to unpack .../007-libjsoncpp24_1.9.4-4_arm64.deb ...
Unpacking libjsoncpp24:arm64 (1.9.4-4) ...
Selecting previously unselected package librhash0:arm64.
Preparing to unpack .../008-librhash0_1.4.1-2_arm64.deb ...
Unpacking librhash0:arm64 (1.4.1-2) ...
Selecting previously unselected package cmake.
Preparing to unpack .../009-cmake_3.18.4-2+rpt1+rpi1_arm64.deb ...
Unpacking cmake (3.18.4-2+rpt1+rpi1) ...
Selecting previously unselected package libdebhelper-perl.
Preparing to unpack .../010-libdebhelper-perl_13.3.4_all.deb ...
Unpacking libdebhelper-perl (13.3.4) ...
Selecting previously unselected package libtool.
Preparing to unpack .../011-libtool_2.4.6-15_all.deb ...
Unpacking libtool (2.4.6-15) ...
Selecting previously unselected package dh-autoreconf.
Preparing to unpack .../012-dh-autoreconf_20_all.deb ...
Unpacking dh-autoreconf (20) ...
Selecting previously unselected package libarchive-zip-perl.
Preparing to unpack .../013-libarchive-zip-perl_1.68-1_all.deb ...
Unpacking libarchive-zip-perl (1.68-1) ...
Selecting previously unselected package libsub-override-perl.
Preparing to unpack .../014-libsub-override-perl_0.09-2_all.deb ...
Unpacking libsub-override-perl (0.09-2) ...
Selecting previously unselected package libfile-stripnondeterminism-perl.
Preparing to unpack .../015-libfile-stripnondeterminism-perl_1.12.0-1_all.deb ...
Unpacking libfile-stripnondeterminism-perl (1.12.0-1) ...
Selecting previously unselected package dh-strip-nondeterminism.
Preparing to unpack .../016-dh-strip-nondeterminism_1.12.0-1_all.deb ...
Unpacking dh-strip-nondeterminism (1.12.0-1) ...
Selecting previously unselected package dwz.
Preparing to unpack .../017-dwz_0.13+20210201-1_arm64.deb ...
Unpacking dwz (0.13+20210201-1) ...
Selecting previously unselected package gettext.
Preparing to unpack .../018-gettext_0.21-4_arm64.deb ...
Unpacking gettext (0.21-4) ...
Selecting previously unselected package intltool-debian.
Preparing to unpack .../019-intltool-debian_0.35.0+20060710.5_all.deb ...
Unpacking intltool-debian (0.35.0+20060710.5) ...
Selecting previously unselected package po-debconf.
Preparing to unpack .../020-po-debconf_1.0.21+nmu1_all.deb ...
Unpacking po-debconf (1.0.21+nmu1) ...
Selecting previously unselected package debhelper.
Preparing to unpack .../021-debhelper_13.3.4_all.deb ...
Unpacking debhelper (13.3.4) ...
Selecting previously unselected package libgfortran-10-dev:arm64.
Preparing to unpack .../022-libgfortran-10-dev_10.2.1-6_arm64.deb ...
Unpacking libgfortran-10-dev:arm64 (10.2.1-6) ...
Selecting previously unselected package gfortran-10.
Preparing to unpack .../023-gfortran-10_10.2.1-6_arm64.deb ...
Unpacking gfortran-10 (10.2.1-6) ...
Selecting previously unselected package gfortran.
Preparing to unpack .../024-gfortran_4%3a10.2.1-1_arm64.deb ...
Unpacking gfortran (4:10.2.1-1) ...
Selecting previously unselected package gir1.2-atspi-2.0:arm64.
Preparing to unpack .../025-gir1.2-atspi-2.0_2.38.0-4_arm64.deb ...
Unpacking gir1.2-atspi-2.0:arm64 (2.38.0-4) ...
Selecting previously unselected package libgdk-pixbuf2.0-bin.
Preparing to unpack .../026-libgdk-pixbuf2.0-bin_2.42.2+dfsg-1_arm64.deb ...
Unpacking libgdk-pixbuf2.0-bin (2.42.2+dfsg-1) ...
Selecting previously unselected package libffi-dev:arm64.
Preparing to unpack .../027-libffi-dev_3.3-6_arm64.deb ...
Unpacking libffi-dev:arm64 (3.3-6) ...
Selecting previously unselected package libglib2.0-dev-bin.
Preparing to unpack .../028-libglib2.0-dev-bin_2.66.8-1_arm64.deb ...
Unpacking libglib2.0-dev-bin (2.66.8-1) ...
Selecting previously unselected package uuid-dev:arm64.
Preparing to unpack .../029-uuid-dev_2.36.1-8+deb11u1_arm64.deb ...
Unpacking uuid-dev:arm64 (2.36.1-8+deb11u1) ...
Selecting previously unselected package libblkid-dev:arm64.
Preparing to unpack .../030-libblkid-dev_2.36.1-8+deb11u1_arm64.deb ...
Unpacking libblkid-dev:arm64 (2.36.1-8+deb11u1) ...
Selecting previously unselected package libsepol1-dev:arm64.
Preparing to unpack .../031-libsepol1-dev_3.1-1_arm64.deb ...
Unpacking libsepol1-dev:arm64 (3.1-1) ...
Selecting previously unselected package libpcre2-32-0:arm64.
Preparing to unpack .../032-libpcre2-32-0_10.36-2_arm64.deb ...
Unpacking libpcre2-32-0:arm64 (10.36-2) ...
Selecting previously unselected package libpcre2-dev:arm64.
Preparing to unpack .../033-libpcre2-dev_10.36-2_arm64.deb ...
Unpacking libpcre2-dev:arm64 (10.36-2) ...
Selecting previously unselected package libselinux1-dev:arm64.
Preparing to unpack .../034-libselinux1-dev_3.1-3_arm64.deb ...
Unpacking libselinux1-dev:arm64 (3.1-3) ...
Selecting previously unselected package libmount-dev:arm64.
Preparing to unpack .../035-libmount-dev_2.36.1-8+deb11u1_arm64.deb ...
Unpacking libmount-dev:arm64 (2.36.1-8+deb11u1) ...
Selecting previously unselected package libpcre16-3:arm64.
Preparing to unpack .../036-libpcre16-3_2%3a8.39-13_arm64.deb ...
Unpacking libpcre16-3:arm64 (2:8.39-13) ...
Selecting previously unselected package libpcre32-3:arm64.
Preparing to unpack .../037-libpcre32-3_2%3a8.39-13_arm64.deb ...
Unpacking libpcre32-3:arm64 (2:8.39-13) ...
Selecting previously unselected package libpcrecpp0v5:arm64.
Preparing to unpack .../038-libpcrecpp0v5_2%3a8.39-13_arm64.deb ...
Unpacking libpcrecpp0v5:arm64 (2:8.39-13) ...
Selecting previously unselected package libpcre3-dev:arm64.
Preparing to unpack .../039-libpcre3-dev_2%3a8.39-13_arm64.deb ...
Unpacking libpcre3-dev:arm64 (2:8.39-13) ...
Selecting previously unselected package libglib2.0-dev:arm64.
Preparing to unpack .../040-libglib2.0-dev_2.66.8-1_arm64.deb ...
Unpacking libglib2.0-dev:arm64 (2.66.8-1) ...
Selecting previously unselected package libgdk-pixbuf-2.0-dev:arm64.
Preparing to unpack .../041-libgdk-pixbuf-2.0-dev_2.42.2+dfsg-1_arm64.deb ...
Unpacking libgdk-pixbuf-2.0-dev:arm64 (2.42.2+dfsg-1) ...
Selecting previously unselected package xorg-sgml-doctools.
Preparing to unpack .../042-xorg-sgml-doctools_1%3a1.11-1.1_all.deb ...
Unpacking xorg-sgml-doctools (1:1.11-1.1) ...
Selecting previously unselected package x11proto-dev.
Preparing to unpack .../043-x11proto-dev_2020.1-1_all.deb ...
Unpacking x11proto-dev (2020.1-1) ...
Selecting previously unselected package libxau-dev:arm64.
Preparing to unpack .../044-libxau-dev_1%3a1.0.9-1_arm64.deb ...
Unpacking libxau-dev:arm64 (1:1.0.9-1) ...
Selecting previously unselected package libxdmcp-dev:arm64.
Preparing to unpack .../045-libxdmcp-dev_1%3a1.1.2-3_arm64.deb ...
Unpacking libxdmcp-dev:arm64 (1:1.1.2-3) ...
Selecting previously unselected package xtrans-dev.
Preparing to unpack .../046-xtrans-dev_1.4.0-1_all.deb ...
Unpacking xtrans-dev (1.4.0-1) ...
Selecting previously unselected package libpthread-stubs0-dev:arm64.
Preparing to unpack .../047-libpthread-stubs0-dev_0.4-1_arm64.deb ...
Unpacking libpthread-stubs0-dev:arm64 (0.4-1) ...
Selecting previously unselected package libxcb1-dev:arm64.
Preparing to unpack .../048-libxcb1-dev_1.14-3_arm64.deb ...
Unpacking libxcb1-dev:arm64 (1.14-3) ...
Selecting previously unselected package libx11-dev:arm64.
Preparing to unpack .../049-libx11-dev_2%3a1.7.2-1_arm64.deb ...
Unpacking libx11-dev:arm64 (2:1.7.2-1) ...
Selecting previously unselected package libgdk-pixbuf-xlib-2.0-dev:arm64.
Preparing to unpack .../050-libgdk-pixbuf-xlib-2.0-dev_2.40.2-2_arm64.deb ...
Unpacking libgdk-pixbuf-xlib-2.0-dev:arm64 (2.40.2-2) ...
Selecting previously unselected package libgdk-pixbuf2.0-dev:arm64.
Preparing to unpack .../051-libgdk-pixbuf2.0-dev_2.40.2-2_arm64.deb ...
Unpacking libgdk-pixbuf2.0-dev:arm64 (2.40.2-2) ...
Selecting previously unselected package gir1.2-gtk-2.0:arm64.
Preparing to unpack .../052-gir1.2-gtk-2.0_2.24.33-2+rpt1_arm64.deb ...
Unpacking gir1.2-gtk-2.0:arm64 (2.24.33-2+rpt1) ...
Selecting previously unselected package hdf5-helpers.
Preparing to unpack .../053-hdf5-helpers_1.10.6+repack-4+deb11u1_arm64.deb ...
Unpacking hdf5-helpers (1.10.6+repack-4+deb11u1) ...
Selecting previously unselected package icu-devtools.
Preparing to unpack .../054-icu-devtools_67.1-7_arm64.deb ...
Unpacking icu-devtools (67.1-7) ...
Selecting previously unselected package libaec0:arm64.
Preparing to unpack .../055-libaec0_1.0.4-1_arm64.deb ...
Unpacking libaec0:arm64 (1.0.4-1) ...
Selecting previously unselected package libsz2:arm64.
Preparing to unpack .../056-libsz2_1.0.4-1_arm64.deb ...
Unpacking libsz2:arm64 (1.0.4-1) ...
Selecting previously unselected package libaec-dev:arm64.
Preparing to unpack .../057-libaec-dev_1.0.4-1_arm64.deb ...
Unpacking libaec-dev:arm64 (1.0.4-1) ...
Selecting previously unselected package libarchive-cpio-perl.
Preparing to unpack .../058-libarchive-cpio-perl_0.10-1.1_all.deb ...
Unpacking libarchive-cpio-perl (0.10-1.1) ...
Selecting previously unselected package libatk1.0-dev:arm64.
Preparing to unpack .../059-libatk1.0-dev_2.36.0-2_arm64.deb ...
Unpacking libatk1.0-dev:arm64 (2.36.0-2) ...
Selecting previously unselected package libdbus-1-dev:arm64.
Preparing to unpack .../060-libdbus-1-dev_1.12.20-2_arm64.deb ...
Unpacking libdbus-1-dev:arm64 (1.12.20-2) ...
Selecting previously unselected package x11proto-xext-dev.
Preparing to unpack .../061-x11proto-xext-dev_2020.1-1_all.deb ...
Unpacking x11proto-xext-dev (2020.1-1) ...
Selecting previously unselected package libxext-dev:arm64.
Preparing to unpack .../062-libxext-dev_2%3a1.3.3-1.1_arm64.deb ...
Unpacking libxext-dev:arm64 (2:1.3.3-1.1) ...
Selecting previously unselected package libxfixes-dev:arm64.
Preparing to unpack .../063-libxfixes-dev_1%3a5.0.3-2_arm64.deb ...
Unpacking libxfixes-dev:arm64 (1:5.0.3-2) ...
Selecting previously unselected package x11proto-input-dev.
Preparing to unpack .../064-x11proto-input-dev_2020.1-1_all.deb ...
Unpacking x11proto-input-dev (2020.1-1) ...
Selecting previously unselected package libxi-dev:arm64.
Preparing to unpack .../065-libxi-dev_2%3a1.7.10-1_arm64.deb ...
Unpacking libxi-dev:arm64 (2:1.7.10-1) ...
Selecting previously unselected package x11proto-record-dev.
Preparing to unpack .../066-x11proto-record-dev_2020.1-1_all.deb ...
Unpacking x11proto-record-dev (2020.1-1) ...
Selecting previously unselected package libxtst-dev:arm64.
Preparing to unpack .../067-libxtst-dev_2%3a1.2.3-1_arm64.deb ...
Unpacking libxtst-dev:arm64 (2:1.2.3-1) ...
Selecting previously unselected package libatspi2.0-dev:arm64.
Preparing to unpack .../068-libatspi2.0-dev_2.38.0-4_arm64.deb ...
Unpacking libatspi2.0-dev:arm64 (2.38.0-4) ...
Selecting previously unselected package libatk-bridge2.0-dev:arm64.
Preparing to unpack .../069-libatk-bridge2.0-dev_2.38.0-1_arm64.deb ...
Unpacking libatk-bridge2.0-dev:arm64 (2.38.0-1) ...
Selecting previously unselected package libatlas3-base:arm64.
Preparing to unpack .../070-libatlas3-base_3.10.3-10_arm64.deb ...
Unpacking libatlas3-base:arm64 (3.10.3-10) ...
Selecting previously unselected package libatlas-base-dev:arm64.
Preparing to unpack .../071-libatlas-base-dev_3.10.3-10_arm64.deb ...
Unpacking libatlas-base-dev:arm64 (3.10.3-10) ...
Selecting previously unselected package libavutil-dev:arm64.
Preparing to unpack .../072-libavutil-dev_7%3a4.3.3-0+rpt2+deb11u1_arm64.deb ...
Unpacking libavutil-dev:arm64 (7:4.3.3-0+rpt2+deb11u1) ...
Selecting previously unselected package libswresample-dev:arm64.
Preparing to unpack .../073-libswresample-dev_7%3a4.3.3-0+rpt2+deb11u1_arm64.deb ...
Unpacking libswresample-dev:arm64 (7:4.3.3-0+rpt2+deb11u1) ...
Selecting previously unselected package libavcodec-dev:arm64.
Preparing to unpack .../074-libavcodec-dev_7%3a4.3.3-0+rpt2+deb11u1_arm64.deb ...
Unpacking libavcodec-dev:arm64 (7:4.3.3-0+rpt2+deb11u1) ...
Selecting previously unselected package libavformat-dev:arm64.
Preparing to unpack .../075-libavformat-dev_7%3a4.3.3-0+rpt2+deb11u1_arm64.deb ...
Unpacking libavformat-dev:arm64 (7:4.3.3-0+rpt2+deb11u1) ...
Selecting previously unselected package libcairo-script-interpreter2:arm64.
Preparing to unpack .../076-libcairo-script-interpreter2_1.16.0-5+rpt1_arm64.deb ...
Unpacking libcairo-script-interpreter2:arm64 (1.16.0-5+rpt1) ...
Selecting previously unselected package libfontconfig-dev:arm64.
Preparing to unpack .../077-libfontconfig-dev_2.13.1-4.2_arm64.deb ...
Unpacking libfontconfig-dev:arm64 (2.13.1-4.2) ...
Selecting previously unselected package libfontconfig1-dev:arm64.
Preparing to unpack .../078-libfontconfig1-dev_2.13.1-4.2_arm64.deb ...
Unpacking libfontconfig1-dev:arm64 (2.13.1-4.2) ...
Selecting previously unselected package libxrender-dev:arm64.
Preparing to unpack .../079-libxrender-dev_1%3a0.9.10-1_arm64.deb ...
Unpacking libxrender-dev:arm64 (1:0.9.10-1) ...
Selecting previously unselected package libice-dev:arm64.
Preparing to unpack .../080-libice-dev_2%3a1.0.10-1_arm64.deb ...
Unpacking libice-dev:arm64 (2:1.0.10-1) ...
Selecting previously unselected package libsm-dev:arm64.
Preparing to unpack .../081-libsm-dev_2%3a1.2.3-1_arm64.deb ...
Unpacking libsm-dev:arm64 (2:1.2.3-1) ...
Selecting previously unselected package libpixman-1-dev:arm64.
Preparing to unpack .../082-libpixman-1-dev_0.40.0-1+rpt1_arm64.deb ...
Unpacking libpixman-1-dev:arm64 (0.40.0-1+rpt1) ...
Selecting previously unselected package libxcb-render0-dev:arm64.
Preparing to unpack .../083-libxcb-render0-dev_1.14-3_arm64.deb ...
Unpacking libxcb-render0-dev:arm64 (1.14-3) ...
Selecting previously unselected package libxcb-shm0-dev:arm64.
Preparing to unpack .../084-libxcb-shm0-dev_1.14-3_arm64.deb ...
Unpacking libxcb-shm0-dev:arm64 (1.14-3) ...
Selecting previously unselected package libcairo2-dev:arm64.
Preparing to unpack .../085-libcairo2-dev_1.16.0-5+rpt1_arm64.deb ...
Unpacking libcairo2-dev:arm64 (1.16.0-5+rpt1) ...
Selecting previously unselected package libdatrie-dev:arm64.
Preparing to unpack .../086-libdatrie-dev_0.2.13-1_arm64.deb ...
Unpacking libdatrie-dev:arm64 (0.2.13-1) ...
Selecting previously unselected package libdeflate-dev:arm64.
Preparing to unpack .../087-libdeflate-dev_1.7-1_arm64.deb ...
Unpacking libdeflate-dev:arm64 (1.7-1) ...
Selecting previously unselected package libglx-dev:arm64.
Preparing to unpack .../088-libglx-dev_1.3.2-1_arm64.deb ...
Unpacking libglx-dev:arm64 (1.3.2-1) ...
Selecting previously unselected package libgl-dev:arm64.
Preparing to unpack .../089-libgl-dev_1.3.2-1_arm64.deb ...
Unpacking libgl-dev:arm64 (1.3.2-1) ...
Selecting previously unselected package libegl-dev:arm64.
Preparing to unpack .../090-libegl-dev_1.3.2-1_arm64.deb ...
Unpacking libegl-dev:arm64 (1.3.2-1) ...
Selecting previously unselected package libgles-dev:arm64.
Preparing to unpack .../091-libgles-dev_1.3.2-1_arm64.deb ...
Unpacking libgles-dev:arm64 (1.3.2-1) ...
Selecting previously unselected package libopengl0:arm64.
Preparing to unpack .../092-libopengl0_1.3.2-1_arm64.deb ...
Unpacking libopengl0:arm64 (1.3.2-1) ...
Selecting previously unselected package libopengl-dev:arm64.
Preparing to unpack .../093-libopengl-dev_1.3.2-1_arm64.deb ...
Unpacking libopengl-dev:arm64 (1.3.2-1) ...
Selecting previously unselected package libglvnd-dev:arm64.
Preparing to unpack .../094-libglvnd-dev_1.3.2-1_arm64.deb ...
Unpacking libglvnd-dev:arm64 (1.3.2-1) ...
Selecting previously unselected package libegl1-mesa-dev:arm64.
Preparing to unpack .../095-libegl1-mesa-dev_20.3.5-1+rpt3+rpi1_arm64.deb ...
Unpacking libegl1-mesa-dev:arm64 (20.3.5-1+rpt3+rpi1) ...
Selecting previously unselected package libepoxy-dev:arm64.
Preparing to unpack .../096-libepoxy-dev_1.5.5-1_arm64.deb ...
Unpacking libepoxy-dev:arm64 (1.5.5-1) ...
Selecting previously unselected package libfribidi-dev:arm64.
Preparing to unpack .../097-libfribidi-dev_1.0.8-2_arm64.deb ...
Unpacking libfribidi-dev:arm64 (1.0.8-2) ...
Selecting previously unselected package libgraphite2-dev:arm64.
Preparing to unpack .../098-libgraphite2-dev_1.3.14-1_arm64.deb ...
Unpacking libgraphite2-dev:arm64 (1.3.14-1) ...
Selecting previously unselected package libharfbuzz-gobject0:arm64.
Preparing to unpack .../099-libharfbuzz-gobject0_2.7.4-1_arm64.deb ...
Unpacking libharfbuzz-gobject0:arm64 (2.7.4-1) ...
Selecting previously unselected package libicu-dev:arm64.
Preparing to unpack .../100-libicu-dev_67.1-7_arm64.deb ...
Unpacking libicu-dev:arm64 (67.1-7) ...
Selecting previously unselected package libharfbuzz-dev:arm64.
Preparing to unpack .../101-libharfbuzz-dev_2.7.4-1_arm64.deb ...
Unpacking libharfbuzz-dev:arm64 (2.7.4-1) ...
Selecting previously unselected package libthai-dev:arm64.
Preparing to unpack .../102-libthai-dev_0.1.28-3_arm64.deb ...
Unpacking libthai-dev:arm64 (0.1.28-3) ...
Selecting previously unselected package libxft-dev:arm64.
Preparing to unpack .../103-libxft-dev_2.3.2-2_arm64.deb ...
Unpacking libxft-dev:arm64 (2.3.2-2) ...
Selecting previously unselected package pango1.0-tools.
Preparing to unpack .../104-pango1.0-tools_1.46.2-3_arm64.deb ...
Unpacking pango1.0-tools (1.46.2-3) ...
Selecting previously unselected package libpango1.0-dev:arm64.
Preparing to unpack .../105-libpango1.0-dev_1.46.2-3_arm64.deb ...
Unpacking libpango1.0-dev:arm64 (1.46.2-3) ...
Selecting previously unselected package libwayland-bin.
Preparing to unpack .../106-libwayland-bin_1.18.0-2~exp1.1_arm64.deb ...
Unpacking libwayland-bin (1.18.0-2~exp1.1) ...
Selecting previously unselected package libwayland-dev:arm64.
Preparing to unpack .../107-libwayland-dev_1.18.0-2~exp1.1_arm64.deb ...
Unpacking libwayland-dev:arm64 (1.18.0-2~exp1.1) ...
Selecting previously unselected package libxcomposite-dev:arm64.
Preparing to unpack .../108-libxcomposite-dev_1%3a0.4.5-1_arm64.deb ...
Unpacking libxcomposite-dev:arm64 (1:0.4.5-1) ...
Selecting previously unselected package libxcursor-dev:arm64.
Preparing to unpack .../109-libxcursor-dev_1%3a1.2.0-2_arm64.deb ...
Unpacking libxcursor-dev:arm64 (1:1.2.0-2) ...
Selecting previously unselected package libxdamage-dev:arm64.
Preparing to unpack .../110-libxdamage-dev_1%3a1.1.5-2_arm64.deb ...
Unpacking libxdamage-dev:arm64 (1:1.1.5-2) ...
Selecting previously unselected package x11proto-xinerama-dev.
Preparing to unpack .../111-x11proto-xinerama-dev_2020.1-1_all.deb ...
Unpacking x11proto-xinerama-dev (2020.1-1) ...
Selecting previously unselected package libxinerama-dev:arm64.
Preparing to unpack .../112-libxinerama-dev_2%3a1.1.4-2_arm64.deb ...
Unpacking libxinerama-dev:arm64 (2:1.1.4-2) ...
Selecting previously unselected package libxkbcommon-dev:arm64.
Preparing to unpack .../113-libxkbcommon-dev_1.0.3-2_arm64.deb ...
Unpacking libxkbcommon-dev:arm64 (1.0.3-2) ...
Selecting previously unselected package x11proto-randr-dev.
Preparing to unpack .../114-x11proto-randr-dev_2020.1-1_all.deb ...
Unpacking x11proto-randr-dev (2020.1-1) ...
Selecting previously unselected package libxrandr-dev:arm64.
Preparing to unpack .../115-libxrandr-dev_2%3a1.5.1-1_arm64.deb ...
Unpacking libxrandr-dev:arm64 (2:1.5.1-1) ...
Selecting previously unselected package wayland-protocols.
Preparing to unpack .../116-wayland-protocols_1.20-1_all.deb ...
Unpacking wayland-protocols (1.20-1) ...
Selecting previously unselected package libgtk-3-dev:arm64.
Preparing to unpack .../117-libgtk-3-dev_3.24.24-4+rpt3_arm64.deb ...
Unpacking libgtk-3-dev:arm64 (3.24.24-4+rpt3) ...
Selecting previously unselected package libxml2-utils.
Preparing to unpack .../118-libxml2-utils_2.9.10+dfsg-6.7_arm64.deb ...
Unpacking libxml2-utils (2.9.10+dfsg-6.7) ...
Selecting previously unselected package libgtk2.0-dev:arm64.
Preparing to unpack .../119-libgtk2.0-dev_2.24.33-2+rpt1_arm64.deb ...
Unpacking libgtk2.0-dev:arm64 (2.24.33-2+rpt1) ...
Selecting previously unselected package libhdf5-103-1:arm64.
Preparing to unpack .../120-libhdf5-103-1_1.10.6+repack-4+deb11u1_arm64.deb ...
Unpacking libhdf5-103-1:arm64 (1.10.6+repack-4+deb11u1) ...
Selecting previously unselected package libhdf5-hl-100:arm64.
Preparing to unpack .../121-libhdf5-hl-100_1.10.6+repack-4+deb11u1_arm64.deb ...
Unpacking libhdf5-hl-100:arm64 (1.10.6+repack-4+deb11u1) ...
Selecting previously unselected package libhdf5-fortran-102:arm64.
Preparing to unpack .../122-libhdf5-fortran-102_1.10.6+repack-4+deb11u1_arm64.deb ...
Unpacking libhdf5-fortran-102:arm64 (1.10.6+repack-4+deb11u1) ...
Selecting previously unselected package libhdf5-hl-fortran-100:arm64.
Preparing to unpack .../123-libhdf5-hl-fortran-100_1.10.6+repack-4+deb11u1_arm64.deb ...
Unpacking libhdf5-hl-fortran-100:arm64 (1.10.6+repack-4+deb11u1) ...
Selecting previously unselected package libhdf5-103:arm64.
Preparing to unpack .../124-libhdf5-103_1.10.6+repack-4+deb11u1_arm64.deb ...
Unpacking libhdf5-103:arm64 (1.10.6+repack-4+deb11u1) ...
Selecting previously unselected package libhdf5-cpp-103-1:arm64.
Preparing to unpack .../125-libhdf5-cpp-103-1_1.10.6+repack-4+deb11u1_arm64.deb ...
Unpacking libhdf5-cpp-103-1:arm64 (1.10.6+repack-4+deb11u1) ...
Selecting previously unselected package libhdf5-hl-cpp-100:arm64.
Preparing to unpack .../126-libhdf5-hl-cpp-100_1.10.6+repack-4+deb11u1_arm64.deb ...
Unpacking libhdf5-hl-cpp-100:arm64 (1.10.6+repack-4+deb11u1) ...
Selecting previously unselected package libjpeg62-turbo-dev:arm64.
Preparing to unpack .../127-libjpeg62-turbo-dev_1%3a2.0.6-4_arm64.deb ...
Unpacking libjpeg62-turbo-dev:arm64 (1:2.0.6-4) ...
Selecting previously unselected package libjpeg-dev:arm64.
Preparing to unpack .../128-libjpeg-dev_1%3a2.0.6-4_arm64.deb ...
Unpacking libjpeg-dev:arm64 (1:2.0.6-4) ...
Selecting previously unselected package libhdf5-dev.
Preparing to unpack .../129-libhdf5-dev_1.10.6+repack-4+deb11u1_arm64.deb ...
Unpacking libhdf5-dev (1.10.6+repack-4+deb11u1) ...
Selecting previously unselected package libjbig-dev:arm64.
Preparing to unpack .../130-libjbig-dev_2.1-3.1+b2_arm64.deb ...
Unpacking libjbig-dev:arm64 (2.1-3.1+b2) ...
Selecting previously unselected package libltdl-dev:arm64.
Preparing to unpack .../131-libltdl-dev_2.4.6-15_arm64.deb ...
Unpacking libltdl-dev:arm64 (2.4.6-15) ...
Selecting previously unselected package liblzma-dev:arm64.
Preparing to unpack .../132-liblzma-dev_5.2.5-2_arm64.deb ...
Unpacking liblzma-dev:arm64 (5.2.5-2) ...
Selecting previously unselected package libsys-hostname-long-perl.
Preparing to unpack .../133-libsys-hostname-long-perl_1.5-2_all.deb ...
Unpacking libsys-hostname-long-perl (1.5-2) ...
Selecting previously unselected package libmail-sendmail-perl.
Preparing to unpack .../134-libmail-sendmail-perl_0.80-1.1_all.deb ...
Unpacking libmail-sendmail-perl (0.80-1.1) ...
Selecting previously unselected package libqt5designer5:arm64.
Preparing to unpack .../135-libqt5designer5_5.15.2-5_arm64.deb ...
Unpacking libqt5designer5:arm64 (5.15.2-5) ...
Selecting previously unselected package libqt5help5:arm64.
Preparing to unpack .../136-libqt5help5_5.15.2-5_arm64.deb ...
Unpacking libqt5help5:arm64 (5.15.2-5) ...
Selecting previously unselected package libqt5test5:arm64.
Preparing to unpack .../137-libqt5test5_5.15.2+dfsg-9_arm64.deb ...
Unpacking libqt5test5:arm64 (5.15.2+dfsg-9) ...
Selecting previously unselected package libswscale-dev:arm64.
Preparing to unpack .../138-libswscale-dev_7%3a4.3.3-0+rpt2+deb11u1_arm64.deb ...
Unpacking libswscale-dev:arm64 (7:4.3.3-0+rpt2+deb11u1) ...
Selecting previously unselected package libtiffxx5:arm64.
Preparing to unpack .../139-libtiffxx5_4.2.0-1_arm64.deb ...
Unpacking libtiffxx5:arm64 (4.2.0-1) ...
Selecting previously unselected package libtiff-dev:arm64.
Preparing to unpack .../140-libtiff-dev_4.2.0-1_arm64.deb ...
Unpacking libtiff-dev:arm64 (4.2.0-1) ...
Selecting previously unselected package libtiff5-dev.
Preparing to unpack .../141-libtiff5-dev_4.2.0-1_arm64.deb ...
Unpacking libtiff5-dev (4.2.0-1) ...
Selecting previously unselected package libv4l-dev:arm64.
Preparing to unpack .../142-libv4l-dev_1.20.0-2_arm64.deb ...
Unpacking libv4l-dev:arm64 (1.20.0-2) ...
Selecting previously unselected package libx264-dev:arm64.
Preparing to unpack .../143-libx264-dev_2%3a0.160.3011+gitcde9a93-2.1_arm64.deb ...
Unpacking libx264-dev:arm64 (2:0.160.3011+gitcde9a93-2.1) ...
Selecting previously unselected package libxvidcore-dev:arm64.
Preparing to unpack .../144-libxvidcore-dev_2%3a1.3.7-1_arm64.deb ...
Unpacking libxvidcore-dev:arm64 (2:1.3.7-1) ...
Selecting previously unselected package python3-pyqt5.sip.
Preparing to unpack .../145-python3-pyqt5.sip_12.8.1-1+b2_arm64.deb ...
Unpacking python3-pyqt5.sip (12.8.1-1+b2) ...
Selecting previously unselected package python3-pyqt5.
Preparing to unpack .../146-python3-pyqt5_5.15.2+dfsg-3_arm64.deb ...
Unpacking python3-pyqt5 (5.15.2+dfsg-3) ...
Setting up libpcrecpp0v5:arm64 (2:8.39-13) ...
Setting up libavutil-dev:arm64 (7:4.3.3-0+rpt2+deb11u1) ...
Setting up libcairo-script-interpreter2:arm64 (1.16.0-5+rpt1) ...
Setting up libglib2.0-dev-bin (2.66.8-1) ...
Setting up gettext (0.21-4) ...
Setting up libpixman-1-dev:arm64 (0.40.0-1+rpt1) ...
Setting up libatlas3-base:arm64 (3.10.3-10) ...
update-alternatives: using /usr/lib/aarch64-linux-gnu/atlas/libblas.so.3 to provide /usr/lib/                                                                                                aarch64-linux-gnu/libblas.so.3 (libblas.so.3-aarch64-linux-gnu) in auto mode
update-alternatives: using /usr/lib/aarch64-linux-gnu/atlas/liblapack.so.3 to provide /usr/li                                                                                                b/aarch64-linux-gnu/liblapack.so.3 (liblapack.so.3-aarch64-linux-gnu) in auto mode
Setting up libpcre16-3:arm64 (2:8.39-13) ...
Setting up hdf5-helpers (1.10.6+repack-4+deb11u1) ...
Setting up libxvidcore-dev:arm64 (2:1.3.7-1) ...
Setting up libqt5designer5:arm64 (5.15.2-5) ...
Setting up libswresample-dev:arm64 (7:4.3.3-0+rpt2+deb11u1) ...
Setting up libarchive-zip-perl (1.68-1) ...
Setting up libavcodec-dev:arm64 (7:4.3.3-0+rpt2+deb11u1) ...
Setting up libfribidi-dev:arm64 (1.0.8-2) ...
Setting up libxkbcommon-dev:arm64 (1.0.3-2) ...
Setting up libdebhelper-perl (13.3.4) ...
Setting up pango1.0-tools (1.46.2-3) ...
Setting up libsepol1-dev:arm64 (3.1-1) ...
Setting up libjbig-dev:arm64 (2.1-3.1+b2) ...
Setting up libv4l-dev:arm64 (1.20.0-2) ...
Setting up libavformat-dev:arm64 (7:4.3.3-0+rpt2+deb11u1) ...
Setting up libharfbuzz-gobject0:arm64 (2.7.4-1) ...
Setting up gir1.2-atspi-2.0:arm64 (2.38.0-4) ...
Setting up libffi-dev:arm64 (3.3-6) ...
Setting up libpthread-stubs0-dev:arm64 (0.4-1) ...
Setting up libqt5help5:arm64 (5.15.2-5) ...
Setting up libx264-dev:arm64 (2:0.160.3011+gitcde9a93-2.1) ...
Setting up libatlas-base-dev:arm64 (3.10.3-10) ...
update-alternatives: using /usr/lib/aarch64-linux-gnu/atlas/libblas.so to provide /usr/lib/aa                                                                                                rch64-linux-gnu/libblas.so (libblas.so-aarch64-linux-gnu) in auto mode
update-alternatives: using /usr/lib/aarch64-linux-gnu/atlas/liblapack.so to provide /usr/lib/                                                                                                aarch64-linux-gnu/liblapack.so (liblapack.so-aarch64-linux-gnu) in auto mode
Setting up libaec0:arm64 (1.0.4-1) ...
Setting up libopengl0:arm64 (1.3.2-1) ...
Setting up intltool-debian (0.35.0+20060710.5) ...
Setting up xtrans-dev (1.4.0-1) ...
Setting up libwayland-bin (1.18.0-2~exp1.1) ...
Setting up libgraphite2-dev:arm64 (1.3.14-1) ...
Setting up autotools-dev (20180224.1+nmu1) ...
Setting up libpcre2-32-0:arm64 (10.36-2) ...
Setting up libdbus-1-dev:arm64 (1.12.20-2) ...
Setting up libjpeg62-turbo-dev:arm64 (1:2.0.6-4) ...
Setting up gir1.2-gtk-2.0:arm64 (2.24.33-2+rpt1) ...
Setting up uuid-dev:arm64 (2.36.1-8+deb11u1) ...
Setting up libsigsegv2:arm64 (2.13-1) ...
Setting up libswscale-dev:arm64 (7:4.3.3-0+rpt2+deb11u1) ...
Setting up libpcre32-3:arm64 (2:8.39-13) ...
Setting up autopoint (0.21-4) ...
Setting up icu-devtools (67.1-7) ...
Setting up libjsoncpp24:arm64 (1.9.4-4) ...
Setting up liblzma-dev:arm64 (5.2.5-2) ...
Setting up python3-pyqt5.sip (12.8.1-1+b2) ...
Setting up dwz (0.13+20210201-1) ...
Setting up wayland-protocols (1.20-1) ...
Setting up libdatrie-dev:arm64 (0.2.13-1) ...
Setting up libgdk-pixbuf2.0-bin (2.42.2+dfsg-1) ...
Setting up librhash0:arm64 (1.4.1-2) ...
Setting up libarchive-cpio-perl (0.10-1.1) ...
Setting up libsub-override-perl (0.09-2) ...
Setting up libgfortran-10-dev:arm64 (10.2.1-6) ...
Setting up xorg-sgml-doctools (1:1.11-1.1) ...
Setting up cmake-data (3.18.4-2+rpt1+rpi1) ...
Setting up libopengl-dev:arm64 (1.3.2-1) ...
Setting up libxml2-utils (2.9.10+dfsg-6.7) ...
Setting up libqt5test5:arm64 (5.15.2+dfsg-9) ...
Setting up libdeflate-dev:arm64 (1.7-1) ...
Setting up libsys-hostname-long-perl (1.5-2) ...
Setting up libicu-dev:arm64 (67.1-7) ...
Setting up libsz2:arm64 (1.0.4-1) ...
Setting up libtiffxx5:arm64 (4.2.0-1) ...
Setting up python3-pyqt5 (5.15.2+dfsg-3) ...
Setting up libfile-stripnondeterminism-perl (1.12.0-1) ...
Setting up libblkid-dev:arm64 (2.36.1-8+deb11u1) ...
Setting up libpcre2-dev:arm64 (10.36-2) ...
Setting up libtool (2.4.6-15) ...
Setting up libfontconfig-dev:arm64 (2.13.1-4.2) ...
Setting up libselinux1-dev:arm64 (3.1-3) ...
Setting up libpcre3-dev:arm64 (2:8.39-13) ...
Setting up po-debconf (1.0.21+nmu1) ...
Setting up libaec-dev:arm64 (1.0.4-1) ...
Setting up libjpeg-dev:arm64 (1:2.0.6-4) ...
Setting up m4 (1.4.18-5) ...
Setting up libwayland-dev:arm64 (1.18.0-2~exp1.1) ...
Setting up libmail-sendmail-perl (0.80-1.1) ...
Setting up libtiff-dev:arm64 (4.2.0-1) ...
Setting up gfortran-10 (10.2.1-6) ...
Setting up autoconf (2.69-14) ...
Setting up libthai-dev:arm64 (0.1.28-3) ...
Setting up dh-strip-nondeterminism (1.12.0-1) ...
Setting up libhdf5-103-1:arm64 (1.10.6+repack-4+deb11u1) ...
Setting up libhdf5-cpp-103-1:arm64 (1.10.6+repack-4+deb11u1) ...
Setting up cmake (3.18.4-2+rpt1+rpi1) ...
Setting up libmount-dev:arm64 (2.36.1-8+deb11u1) ...
Setting up libhdf5-hl-100:arm64 (1.10.6+repack-4+deb11u1) ...
Setting up automake (1:1.16.3-2) ...
update-alternatives: using /usr/bin/automake-1.16 to provide /usr/bin/automake (automake) in                                                                                                 auto mode
Setting up libfontconfig1-dev:arm64 (2.13.1-4.2) ...
Setting up libtiff5-dev (4.2.0-1) ...
Setting up gfortran (4:10.2.1-1) ...
update-alternatives: using /usr/bin/gfortran to provide /usr/bin/f95 (f95) in auto mode
update-alternatives: using /usr/bin/gfortran to provide /usr/bin/f77 (f77) in auto mode
Setting up dh-autoreconf (20) ...
Setting up libltdl-dev:arm64 (2.4.6-15) ...
Setting up libhdf5-hl-cpp-100:arm64 (1.10.6+repack-4+deb11u1) ...
Setting up libglib2.0-dev:arm64 (2.66.8-1) ...
Setting up libhdf5-fortran-102:arm64 (1.10.6+repack-4+deb11u1) ...
Setting up libhdf5-hl-fortran-100:arm64 (1.10.6+repack-4+deb11u1) ...
Setting up debhelper (13.3.4) ...
Setting up libhdf5-103:arm64 (1.10.6+repack-4+deb11u1) ...
Setting up libhdf5-dev (1.10.6+repack-4+deb11u1) ...
update-alternatives: using /usr/lib/aarch64-linux-gnu/pkgconfig/hdf5-serial.pc to provide /us                                                                                                r/lib/aarch64-linux-gnu/pkgconfig/hdf5.pc (hdf5.pc) in auto mode
Processing triggers for sgml-base (1.30) ...
Setting up x11proto-dev (2020.1-1) ...
Setting up libxau-dev:arm64 (1:1.0.9-1) ...
Setting up libice-dev:arm64 (2:1.0.10-1) ...
Setting up libsm-dev:arm64 (2:1.2.3-1) ...
Processing triggers for libglib2.0-0:arm64 (2.66.8-1) ...
Setting up x11proto-randr-dev (2020.1-1) ...
Processing triggers for libc-bin (2.31-13+rpt2+rpi1+deb11u2) ...
Processing triggers for man-db (2.9.4-2) ...
Setting up x11proto-xinerama-dev (2020.1-1) ...
Setting up libxdmcp-dev:arm64 (1:1.1.2-3) ...
Setting up x11proto-input-dev (2020.1-1) ...
Setting up x11proto-xext-dev (2020.1-1) ...
Setting up x11proto-record-dev (2020.1-1) ...
Setting up libatk1.0-dev:arm64 (2.36.0-2) ...
Setting up libgdk-pixbuf-2.0-dev:arm64 (2.42.2+dfsg-1) ...
Setting up libharfbuzz-dev:arm64 (2.7.4-1) ...
Setting up libxcb1-dev:arm64 (1.14-3) ...
Setting up libx11-dev:arm64 (2:1.7.2-1) ...
Setting up libgdk-pixbuf-xlib-2.0-dev:arm64 (2.40.2-2) ...
Setting up libgdk-pixbuf2.0-dev:arm64 (2.40.2-2) ...
Setting up libxfixes-dev:arm64 (1:5.0.3-2) ...
Setting up libxcb-shm0-dev:arm64 (1.14-3) ...
Setting up libxcb-render0-dev:arm64 (1.14-3) ...
Setting up libxext-dev:arm64 (2:1.3.3-1.1) ...
Setting up libglx-dev:arm64 (1.3.2-1) ...
Setting up libxi-dev:arm64 (2:1.7.10-1) ...
Setting up libxrender-dev:arm64 (1:0.9.10-1) ...
Setting up libgl-dev:arm64 (1.3.2-1) ...
Setting up libxft-dev:arm64 (2.3.2-2) ...
Setting up libxtst-dev:arm64 (2:1.2.3-1) ...
Setting up libxdamage-dev:arm64 (1:1.1.5-2) ...
Setting up libatspi2.0-dev:arm64 (2.38.0-4) ...
Setting up libegl-dev:arm64 (1.3.2-1) ...
Setting up libxcomposite-dev:arm64 (1:0.4.5-1) ...
Setting up libxcursor-dev:arm64 (1:1.2.0-2) ...
Setting up libepoxy-dev:arm64 (1.5.5-1) ...
Setting up libatk-bridge2.0-dev:arm64 (2.38.0-1) ...
Setting up libxrandr-dev:arm64 (2:1.5.1-1) ...
Setting up libxinerama-dev:arm64 (2:1.1.4-2) ...
Setting up libcairo2-dev:arm64 (1.16.0-5+rpt1) ...
Setting up libgles-dev:arm64 (1.3.2-1) ...
Setting up libglvnd-dev:arm64 (1.3.2-1) ...
Setting up libpango1.0-dev:arm64 (1.46.2-3) ...
Setting up libgtk2.0-dev:arm64 (2.24.33-2+rpt1) ...
Setting up libegl1-mesa-dev:arm64 (20.3.5-1+rpt3+rpi1) ...
Setting up libgtk-3-dev:arm64 (3.24.24-4+rpt3) ...
pi@raspberrypi:~/Documents/S3 $ sudo apt-get install build-essential cmake pkg-config libjpeg                                                                                                -dev libtiff5-dev libjasper-dev libpng-dev libavcodec-dev libavformat-dev libswscale-dev libv                                                                                                4l-dev libxvidcore-dev libx264-dev libfontconfig1-dev libcairo2-dev libgdk-pixbuf2.0-dev libp                                                                                                ango1.0-dev libgtk2.0-dev libgtk-3-dev libatlas-base-dev gfortran libhdf5-dev libhdf5-serial-                                                                                                dev libhdf5-103 libqtgui4 libqtwebkit4 libqt4-test python3-pyqt5 python3-dev -y
Reading package lists... Done
Building dependency tree... Done
Reading state information... Done
Note, selecting 'libhdf5-dev' instead of 'libhdf5-serial-dev'
Package libqtgui4 is not available, but is referred to by another package.
This may mean that the package is missing, has been obsoleted, or
is only available from another source

E: Unable to locate package libjasper-dev
E: Package 'libqtgui4' has no installation candidate
E: Unable to locate package libqtwebkit4
E: Unable to locate package libqt4-test
pi@raspberrypi:~/Documents/S3 $ sudo apt install gtbase5-dev
Reading package lists... Done
Building dependency tree... Done
Reading state information... Done
E: Unable to locate package gtbase5-dev
pi@raspberrypi:~/Documents/S3 $ sudo apt update
Hit:1 http://security.debian.org/debian-security bullseye-security InRelease
Hit:2 http://deb.debian.org/debian bullseye InRelease
Hit:3 http://deb.debian.org/debian bullseye-updates InRelease
Hit:4 http://archive.raspberrypi.org/debian bullseye InRelease
Reading package lists... Done
Building dependency tree... Done
Reading state information... Done
All packages are up to date.
pi@raspberrypi:~/Documents/S3 $ pip install opencv-contrib-python
Defaulting to user installation because normal site-packages is not writeable
Looking in indexes: https://pypi.org/simple, https://www.piwheels.org/simple
Collecting opencv-contrib-python
  Downloading opencv_contrib_python-4.5.5.62-cp36-abi3-manylinux_2_17_aarch64.manylinux2014_a                                                                                                arch64.whl (44.8 MB)
     ━━━━━━━━━━━━━━━━━━━━━━━━━━━━━━━━━━━━━━━━ 44.8/44.8 MB 4.9 MB/s eta 0:00:00
Requirement already satisfied: numpy>=1.19.3 in /usr/lib/python3/dist-packages (from opencv-c                                                                                                ontrib-python) (1.19.5)
Installing collected packages: opencv-contrib-python
Successfully installed opencv-contrib-python-4.5.5.62
pi@raspberrypi:~/Documents/S3 $ pip install opencv-contrib-pyhton==4.1.0.25
Defaulting to user installation because normal site-packages is not writeable
Looking in indexes: https://pypi.org/simple, https://www.piwheels.org/simple
ERROR: Could not find a version that satisfies the requirement opencv-contrib-pyhton==4.1.0.2                                                                                                5 (from versions: none)
ERROR: No matching distribution found for opencv-contrib-pyhton==4.1.0.25
pi@raspberrypi:~/Documents/S3 $ pip install opencv-contrib-python==4.1.0.25
Defaulting to user installation because normal site-packages is not writeable
Looking in indexes: https://pypi.org/simple, https://www.piwheels.org/simple
ERROR: Could not find a version that satisfies the requirement opencv-contrib-python==4.1.0.2                                                                                                5 (from versions: 3.4.11.45, 3.4.13.47, 3.4.14.51, 3.4.14.53, 3.4.15.55, 3.4.16.59, 3.4.17.61                                                                                                , 4.4.0.46, 4.5.1.48, 4.5.2.52, 4.5.2.54, 4.5.3.56, 4.5.4.58, 4.5.4.60, 4.5.5.62)
ERROR: No matching distribution found for opencv-contrib-python==4.1.0.25
pi@raspberrypi:~/Documents/S3 $ echo 'Couldnt find it with pip so using apt-get'\
> ^C
pi@raspberrypi:~/Documents/S3 $ echo 'Couldnt find it with pip so using apt-get'
Couldnt find it with pip so using apt-get
pi@raspberrypi:~/Documents/S3 $ sudo apt-get isntall pyhton-opencv
E: Invalid operation isntall
pi@raspberrypi:~/Documents/S3 $ sudo apt-get install pyhton-opencv
Reading package lists... Done
Building dependency tree... Done
Reading state information... Done
E: Unable to locate package pyhton-opencv
pi@raspberrypi:~/Documents/S3 $ sudo apt-get install python-opencv
Reading package lists... Done
Building dependency tree... Done
Reading state information... Done
E: Unable to locate package python-opencv
pi@raspberrypi:~/Documents/S3 $ apt-cache search python-opencv
pi@raspberrypi:~/Documents/S3 $ apt-cache search opencv
gstreamer1.0-opencv - GStreamer OpenCV plugins
libgstreamer-opencv1.0-0 - GStreamer OpenCV libraries
gyoto-bin - General relativistic ray-tracing command-line interface
python3-gyoto - General relativistic geodesic integration for the Python 3 language
node-opencv - OpenCV Bindings for node.js
octave-video - video file reader/writer for Octave
libopencv-calib3d-dev - development files for libopencv-calib3d4.5
libopencv-calib3d4.5 - computer vision Camera Calibration library
libopencv-contrib-dev - development files for libopencv-contrib4.5
libopencv-contrib4.5 - computer vision contrlib library
libopencv-core-dev - development files for libopencv-core4.5
libopencv-core4.5 - computer vision core library
libopencv-dev - development files for opencv
libopencv-dnn-dev - development files for libopencv-dnn4.5
libopencv-dnn4.5 - computer vision Deep neural network module
libopencv-features2d-dev - development files for libopencv-features2d4.5
libopencv-features2d4.5 - computer vision Feature Detection and Descriptor Extraction library
libopencv-flann-dev - development files for libopencv-flann4.5
libopencv-flann4.5 - computer vision Clustering and Search in Multi-Dimensional spaces librar                                                                                                y
libopencv-highgui-dev - development files for libopencv-highgui4.5
libopencv-highgui4.5 - computer vision High-level GUI and Media I/O library
libopencv-imgcodecs-dev - development files for libopencv-imgcodecs4.5
libopencv-imgcodecs4.5 - computer vision Image Codecs library
libopencv-imgproc-dev - development files for libopencv-imgproc4.5
libopencv-imgproc4.5 - computer vision Image Processing library
libopencv-ml-dev - development files for libopencv-ml4.5
libopencv-ml4.5 - computer vision Machine Learning library
libopencv-objdetect-dev - development files for libopencv-objdetect4.5
libopencv-objdetect4.5 - computer vision Object Detection library
libopencv-photo-dev - development files for libopencv-photo4.5
libopencv-photo4.5 - computer vision computational photography library
libopencv-shape-dev - development files for libopencv-shape4.5
libopencv-shape4.5 - computer vision shape descriptors and matchers library
libopencv-stitching-dev - development files for libopencv-stitching4.5
libopencv-stitching4.5 - computer vision image stitching library
libopencv-superres-dev - development files for libopencv-superres4.5
libopencv-superres4.5 - computer vision Super Resolution library
libopencv-video-dev - development files for libopencv-video4.5
libopencv-video4.5 - computer vision Video analysis library
libopencv-videoio-dev - development files for libopencv-videoio4.5
libopencv-videoio4.5 - computer vision Video I/O library
libopencv-videostab-dev - development files for libopencv-videostab4.5
libopencv-videostab4.5 - computer vision video stabilization library
libopencv-viz-dev - development files for libopencv-viz4.5
libopencv-viz4.5 - computer vision 3D data visualization library
libopencv4.5-java - Java bindings for the computer vision library
libopencv4.5-jni - Java jni library for the computer vision library
opencv-data - development data for opencv
opencv-doc - OpenCV documentation and examples
python3-opencv - Python 3 bindings for the computer vision library
php-facedetect - Detect faces with PHP
python3-pylibdmtx - Read Data Matrix barcodes (Python3 version)
python3-pyzbar - Python bindings for libzbar
cl-opencv-apps - opencv_apps Robot OS package - LISP bindings
libopencv-apps-dev - Opencv_apps Robot OS package - development files
libopencv-apps2d - opencv_apps Robot OS package - runtime files
python3-opencv-apps - opencv_apps Robot OS package - Python 3 bindings
ros-opencv-apps - opencv_apps Robot OS package - apps
libcv-bridge-dev - cv_bridge Robot OS package - development
libcv-bridge2d - cv_bridge Robot OS package
libimage-geometry-dev - image_geometry Robot OS package - development
libimage-geometry1d - image_geometry Robot OS package - runtime
python3-cv-bridge - cv_bridge ROS package - Python 3 bindings
python3-image-geometry - image_geometry Robot OS package - Python 3 bindings
python-willow-doc - Python image library (documentation)
python3-willow - Python image library combining Pillow, Wand and OpenCV (Python 3)
pi@raspberrypi:~/Documents/S3 $ sudo apt-get install python3-opencv
Reading package lists... Done
Building dependency tree... Done
Reading state information... Done
The following package was automatically installed and is no longer required:
  libfuse2
Use 'sudo apt autoremove' to remove it.
The following additional packages will be installed:
  gdal-data libarmadillo10 libarpack2 libcfitsio9 libcharls2 libdap27 libdapclient6v5
  libepsilon1 libfreexl1 libfyba0 libgdal28 libgdcm3.0 libgeos-3.9.0 libgeos-c1v5
  libgeotiff5 libhdf4-0-alt libheif1 libkmlbase1 libkmldom1 libkmlengine1 liblept5
  libmariadb3 libminizip1 libnetcdf18 libodbc1 libogdi4.1 libopencv-calib3d4.5
  libopencv-contrib4.5 libopencv-core4.5 libopencv-dnn4.5 libopencv-features2d4.5
  libopencv-flann4.5 libopencv-highgui4.5 libopencv-imgcodecs4.5 libopencv-imgproc4.5
  libopencv-ml4.5 libopencv-objdetect4.5 libopencv-photo4.5 libopencv-shape4.5
  libopencv-stitching4.5 libopencv-video4.5 libopencv-videoio4.5 libpq5 libproj19
  libprotobuf23 libqhull8.0 librttopo1 libsocket++1 libspatialite7 libsuperlu5 libtbb2
  libtesseract4 liburiparser1 libxerces-c3.2 mariadb-common mysql-common odbcinst
  odbcinst1debian2 proj-bin proj-data
Suggested packages:
  geotiff-bin gdal-bin libgeotiff-epsg libhdf4-doc libhdf4-alt-dev hdf4-tools libmyodbc
  odbc-postgresql tdsodbc unixodbc-bin ogdi-bin
The following NEW packages will be installed:
  gdal-data libarmadillo10 libarpack2 libcfitsio9 libcharls2 libdap27 libdapclient6v5
  libepsilon1 libfreexl1 libfyba0 libgdal28 libgdcm3.0 libgeos-3.9.0 libgeos-c1v5
  libgeotiff5 libhdf4-0-alt libheif1 libkmlbase1 libkmldom1 libkmlengine1 liblept5
  libmariadb3 libminizip1 libnetcdf18 libodbc1 libogdi4.1 libopencv-calib3d4.5
  libopencv-contrib4.5 libopencv-core4.5 libopencv-dnn4.5 libopencv-features2d4.5
  libopencv-flann4.5 libopencv-highgui4.5 libopencv-imgcodecs4.5 libopencv-imgproc4.5
  libopencv-ml4.5 libopencv-objdetect4.5 libopencv-photo4.5 libopencv-shape4.5
  libopencv-stitching4.5 libopencv-video4.5 libopencv-videoio4.5 libpq5 libproj19
  libprotobuf23 libqhull8.0 librttopo1 libsocket++1 libspatialite7 libsuperlu5 libtbb2
  libtesseract4 liburiparser1 libxerces-c3.2 mariadb-common mysql-common odbcinst
  odbcinst1debian2 proj-bin proj-data python3-opencv
0 upgraded, 61 newly installed, 0 to remove and 0 not upgraded.
Need to get 37.2 MB of archives.
After this operation, 135 MB of additional disk space will be used.
Do you want to continue? [Y/n] y
Get:1 http://deb.debian.org/debian bullseye/main arm64 gdal-data all 3.2.2+dfsg-2+deb11u1 [46                                                                                                2 kB]
Get:2 http://deb.debian.org/debian bullseye/main arm64 libarpack2 arm64 3.8.0-1 [84.2 kB]
Get:3 http://deb.debian.org/debian bullseye/main arm64 libsuperlu5 arm64 5.2.2+dfsg1-2 [133 k                                                                                                B]
Get:4 http://deb.debian.org/debian bullseye/main arm64 libarmadillo10 arm64 1:10.1.2+dfsg-6 [                                                                                                97.9 kB]
Get:5 http://deb.debian.org/debian bullseye/main arm64 libcfitsio9 arm64 3.490-3 [503 kB]
Get:6 http://deb.debian.org/debian bullseye/main arm64 libcharls2 arm64 2.2.0+dfsg-2 [70.3 kB                                                                                                ]
Get:7 http://deb.debian.org/debian bullseye/main arm64 libdap27 arm64 3.20.7-6 [506 kB]
Get:8 http://deb.debian.org/debian bullseye/main arm64 libdapclient6v5 arm64 3.20.7-6 [196 kB                                                                                                ]
Get:9 http://deb.debian.org/debian bullseye/main arm64 libepsilon1 arm64 0.9.2+dfsg-5 [38.7 k                                                                                                B]
Get:10 http://deb.debian.org/debian bullseye/main arm64 libfreexl1 arm64 1.0.6-1 [33.4 kB]
Get:11 http://deb.debian.org/debian bullseye/main arm64 libfyba0 arm64 4.1.1-7 [106 kB]
Get:12 http://security.debian.org/debian-security bullseye-security/main arm64 liburiparser1                                                                                                 arm64 0.9.4+dfsg-1+deb11u1 [41.1 kB]
Get:13 http://deb.debian.org/debian bullseye/main arm64 libgeos-3.9.0 arm64 3.9.0-1 [865 kB]
Get:14 http://deb.debian.org/debian bullseye/main arm64 libgeos-c1v5 arm64 3.9.0-1 [371 kB]
Get:15 http://deb.debian.org/debian bullseye/main arm64 proj-data all 7.2.1-1 [7,940 kB]
Get:16 http://deb.debian.org/debian bullseye/main arm64 libproj19 arm64 7.2.1-1 [989 kB]
Get:17 http://deb.debian.org/debian bullseye/main arm64 libgeotiff5 arm64 1.6.0-1 [66.7 kB]
Get:18 http://deb.debian.org/debian bullseye/main arm64 libhdf4-0-alt arm64 4.2.15-3 [250 kB]
Get:19 http://deb.debian.org/debian bullseye/main arm64 libheif1 arm64 1.11.0-1 [173 kB]
Get:20 http://deb.debian.org/debian bullseye/main arm64 libminizip1 arm64 1.1-8+b1 [17.4 kB]
Get:21 http://deb.debian.org/debian bullseye/main arm64 libkmlbase1 arm64 1.3.0-9 [45.8 kB]
Get:22 http://deb.debian.org/debian bullseye/main arm64 libkmldom1 arm64 1.3.0-9 [143 kB]
Get:23 http://deb.debian.org/debian bullseye/main arm64 libkmlengine1 arm64 1.3.0-9 [71.1 kB]
Get:24 http://deb.debian.org/debian bullseye/main arm64 mysql-common all 5.8+1.0.7 [7,464 B]
Get:25 http://deb.debian.org/debian bullseye/main arm64 mariadb-common all 1:10.5.12-0+deb11u                                                                                                1 [36.3 kB]
Get:26 http://deb.debian.org/debian bullseye/main arm64 libmariadb3 arm64 1:10.5.12-0+deb11u1                                                                                                 [166 kB]
Get:27 http://deb.debian.org/debian bullseye/main arm64 libnetcdf18 arm64 1:4.7.4-1 [377 kB]
Get:28 http://deb.debian.org/debian bullseye/main arm64 libodbc1 arm64 2.3.6-0.1+b1 [202 kB]
Get:29 http://deb.debian.org/debian bullseye/main arm64 libogdi4.1 arm64 4.1.0+ds-5 [189 kB]
Get:30 http://deb.debian.org/debian bullseye/main arm64 libpq5 arm64 13.5-0+deb11u1 [172 kB]
Get:31 http://deb.debian.org/debian bullseye/main arm64 libqhull8.0 arm64 2020.2-3 [234 kB]
Get:32 http://deb.debian.org/debian bullseye/main arm64 librttopo1 arm64 1.1.0-2 [163 kB]
Get:33 http://deb.debian.org/debian bullseye/main arm64 libspatialite7 arm64 5.0.1-2 [1,600 k                                                                                                B]
Get:34 http://deb.debian.org/debian bullseye/main arm64 libxerces-c3.2 arm64 3.2.3+debian-3 [                                                                                                769 kB]
Get:35 http://deb.debian.org/debian bullseye/main arm64 odbcinst arm64 2.3.6-0.1+b1 [48.5 kB]
Get:36 http://deb.debian.org/debian bullseye/main arm64 odbcinst1debian2 arm64 2.3.6-0.1+b1 [                                                                                                79.8 kB]
Get:37 http://deb.debian.org/debian bullseye/main arm64 libgdal28 arm64 3.2.2+dfsg-2+deb11u1                                                                                                 [6,370 kB]
Get:38 http://deb.debian.org/debian bullseye/main arm64 libsocket++1 arm64 1.12.13-11 [73.1 k                                                                                                B]
Get:39 http://deb.debian.org/debian bullseye/main arm64 libgdcm3.0 arm64 3.0.8-2 [1,655 kB]
Get:40 http://deb.debian.org/debian bullseye/main arm64 liblept5 arm64 1.79.0-1.1 [958 kB]
Get:41 http://deb.debian.org/debian bullseye/main arm64 libtbb2 arm64 2020.3-1 [131 kB]
Get:42 http://deb.debian.org/debian bullseye/main arm64 libopencv-core4.5 arm64 4.5.1+dfsg-5                                                                                                 [779 kB]
Get:43 http://deb.debian.org/debian bullseye/main arm64 libopencv-flann4.5 arm64 4.5.1+dfsg-5                                                                                                 [119 kB]
Get:44 http://deb.debian.org/debian bullseye/main arm64 libopencv-imgproc4.5 arm64 4.5.1+dfsg                                                                                                -5 [836 kB]
Get:45 http://deb.debian.org/debian bullseye/main arm64 libopencv-features2d4.5 arm64 4.5.1+d                                                                                                fsg-5 [213 kB]
Get:46 http://deb.debian.org/debian bullseye/main arm64 libopencv-calib3d4.5 arm64 4.5.1+dfsg                                                                                                -5 [582 kB]
Get:47 http://deb.debian.org/debian bullseye/main arm64 libprotobuf23 arm64 3.12.4-1 [780 kB]
Get:48 http://deb.debian.org/debian bullseye/main arm64 libopencv-dnn4.5 arm64 4.5.1+dfsg-5 [                                                                                                787 kB]
Get:49 http://deb.debian.org/debian bullseye/main arm64 libopencv-imgcodecs4.5 arm64 4.5.1+df                                                                                                sg-5 [119 kB]
Get:50 http://deb.debian.org/debian bullseye/main arm64 libopencv-highgui4.5 arm64 4.5.1+dfsg                                                                                                -5 [47.5 kB]
Get:51 http://deb.debian.org/debian bullseye/main arm64 libopencv-ml4.5 arm64 4.5.1+dfsg-5 [1                                                                                                85 kB]
Get:52 http://deb.debian.org/debian bullseye/main arm64 libopencv-objdetect4.5 arm64 4.5.1+df                                                                                                sg-5 [158 kB]
Get:53 http://deb.debian.org/debian bullseye/main arm64 libopencv-video4.5 arm64 4.5.1+dfsg-5                                                                                                 [155 kB]
Get:54 http://deb.debian.org/debian bullseye/main arm64 libtesseract4 arm64 4.1.1-2.1 [1,142                                                                                                 kB]
Get:55 http://deb.debian.org/debian bullseye/main arm64 libopencv-contrib4.5 arm64 4.5.1+dfsg                                                                                                -5 [2,959 kB]
Get:56 http://deb.debian.org/debian bullseye/main arm64 libopencv-photo4.5 arm64 4.5.1+dfsg-5                                                                                                 [158 kB]
Get:57 http://deb.debian.org/debian bullseye/main arm64 libopencv-shape4.5 arm64 4.5.1+dfsg-5                                                                                                 [60.3 kB]
Get:58 http://deb.debian.org/debian bullseye/main arm64 libopencv-stitching4.5 arm64 4.5.1+df                                                                                                sg-5 [181 kB]
Get:59 http://deb.debian.org/debian bullseye/main arm64 libopencv-videoio4.5 arm64 4.5.1+dfsg                                                                                                -5 [164 kB]
Get:60 http://deb.debian.org/debian bullseye/main arm64 proj-bin arm64 7.2.1-1 [177 kB]
Get:61 http://deb.debian.org/debian bullseye/main arm64 python3-opencv arm64 4.5.1+dfsg-5 [1,                                                                                                175 kB]
Fetched 37.2 MB in 6s (5,966 kB/s)
Extracting templates from packages: 100%
Selecting previously unselected package gdal-data.
(Reading database ... 99174 files and directories currently installed.)
Preparing to unpack .../00-gdal-data_3.2.2+dfsg-2+deb11u1_all.deb ...
Unpacking gdal-data (3.2.2+dfsg-2+deb11u1) ...
Selecting previously unselected package libarpack2:arm64.
Preparing to unpack .../01-libarpack2_3.8.0-1_arm64.deb ...
Unpacking libarpack2:arm64 (3.8.0-1) ...
Selecting previously unselected package libsuperlu5:arm64.
Preparing to unpack .../02-libsuperlu5_5.2.2+dfsg1-2_arm64.deb ...
Unpacking libsuperlu5:arm64 (5.2.2+dfsg1-2) ...
Selecting previously unselected package libarmadillo10.
Preparing to unpack .../03-libarmadillo10_1%3a10.1.2+dfsg-6_arm64.deb ...
Unpacking libarmadillo10 (1:10.1.2+dfsg-6) ...
Selecting previously unselected package libcfitsio9:arm64.
Preparing to unpack .../04-libcfitsio9_3.490-3_arm64.deb ...
Unpacking libcfitsio9:arm64 (3.490-3) ...
Selecting previously unselected package libcharls2:arm64.
Preparing to unpack .../05-libcharls2_2.2.0+dfsg-2_arm64.deb ...
Unpacking libcharls2:arm64 (2.2.0+dfsg-2) ...
Selecting previously unselected package libdap27:arm64.
Preparing to unpack .../06-libdap27_3.20.7-6_arm64.deb ...
Unpacking libdap27:arm64 (3.20.7-6) ...
Selecting previously unselected package libdapclient6v5:arm64.
Preparing to unpack .../07-libdapclient6v5_3.20.7-6_arm64.deb ...
Unpacking libdapclient6v5:arm64 (3.20.7-6) ...
Selecting previously unselected package libepsilon1:arm64.
Preparing to unpack .../08-libepsilon1_0.9.2+dfsg-5_arm64.deb ...
Unpacking libepsilon1:arm64 (0.9.2+dfsg-5) ...
Selecting previously unselected package libfreexl1:arm64.
Preparing to unpack .../09-libfreexl1_1.0.6-1_arm64.deb ...
Unpacking libfreexl1:arm64 (1.0.6-1) ...
Selecting previously unselected package libfyba0:arm64.
Preparing to unpack .../10-libfyba0_4.1.1-7_arm64.deb ...
Unpacking libfyba0:arm64 (4.1.1-7) ...
Selecting previously unselected package libgeos-3.9.0:arm64.
Preparing to unpack .../11-libgeos-3.9.0_3.9.0-1_arm64.deb ...
Unpacking libgeos-3.9.0:arm64 (3.9.0-1) ...
Selecting previously unselected package libgeos-c1v5:arm64.
Preparing to unpack .../12-libgeos-c1v5_3.9.0-1_arm64.deb ...
Unpacking libgeos-c1v5:arm64 (3.9.0-1) ...
Selecting previously unselected package proj-data.
Preparing to unpack .../13-proj-data_7.2.1-1_all.deb ...
Unpacking proj-data (7.2.1-1) ...
Selecting previously unselected package libproj19:arm64.
Preparing to unpack .../14-libproj19_7.2.1-1_arm64.deb ...
Unpacking libproj19:arm64 (7.2.1-1) ...
Selecting previously unselected package libgeotiff5:arm64.
Preparing to unpack .../15-libgeotiff5_1.6.0-1_arm64.deb ...
Unpacking libgeotiff5:arm64 (1.6.0-1) ...
Selecting previously unselected package libhdf4-0-alt.
Preparing to unpack .../16-libhdf4-0-alt_4.2.15-3_arm64.deb ...
Unpacking libhdf4-0-alt (4.2.15-3) ...
Selecting previously unselected package libheif1:arm64.
Preparing to unpack .../17-libheif1_1.11.0-1_arm64.deb ...
Unpacking libheif1:arm64 (1.11.0-1) ...
Selecting previously unselected package libminizip1:arm64.
Preparing to unpack .../18-libminizip1_1.1-8+b1_arm64.deb ...
Unpacking libminizip1:arm64 (1.1-8+b1) ...
Selecting previously unselected package liburiparser1:arm64.
Preparing to unpack .../19-liburiparser1_0.9.4+dfsg-1+deb11u1_arm64.deb ...
Unpacking liburiparser1:arm64 (0.9.4+dfsg-1+deb11u1) ...
Selecting previously unselected package libkmlbase1:arm64.
Preparing to unpack .../20-libkmlbase1_1.3.0-9_arm64.deb ...
Unpacking libkmlbase1:arm64 (1.3.0-9) ...
Selecting previously unselected package libkmldom1:arm64.
Preparing to unpack .../21-libkmldom1_1.3.0-9_arm64.deb ...
Unpacking libkmldom1:arm64 (1.3.0-9) ...
Selecting previously unselected package libkmlengine1:arm64.
Preparing to unpack .../22-libkmlengine1_1.3.0-9_arm64.deb ...
Unpacking libkmlengine1:arm64 (1.3.0-9) ...
Selecting previously unselected package mysql-common.
Preparing to unpack .../23-mysql-common_5.8+1.0.7_all.deb ...
Unpacking mysql-common (5.8+1.0.7) ...
Selecting previously unselected package mariadb-common.
Preparing to unpack .../24-mariadb-common_1%3a10.5.12-0+deb11u1_all.deb ...
Unpacking mariadb-common (1:10.5.12-0+deb11u1) ...
Selecting previously unselected package libmariadb3:arm64.
Preparing to unpack .../25-libmariadb3_1%3a10.5.12-0+deb11u1_arm64.deb ...
Unpacking libmariadb3:arm64 (1:10.5.12-0+deb11u1) ...
Selecting previously unselected package libnetcdf18:arm64.
Preparing to unpack .../26-libnetcdf18_1%3a4.7.4-1_arm64.deb ...
Unpacking libnetcdf18:arm64 (1:4.7.4-1) ...
Selecting previously unselected package libodbc1:arm64.
Preparing to unpack .../27-libodbc1_2.3.6-0.1+b1_arm64.deb ...
Unpacking libodbc1:arm64 (2.3.6-0.1+b1) ...
Selecting previously unselected package libogdi4.1.
Preparing to unpack .../28-libogdi4.1_4.1.0+ds-5_arm64.deb ...
Unpacking libogdi4.1 (4.1.0+ds-5) ...
Selecting previously unselected package libpq5:arm64.
Preparing to unpack .../29-libpq5_13.5-0+deb11u1_arm64.deb ...
Unpacking libpq5:arm64 (13.5-0+deb11u1) ...
Selecting previously unselected package libqhull8.0:arm64.
Preparing to unpack .../30-libqhull8.0_2020.2-3_arm64.deb ...
Unpacking libqhull8.0:arm64 (2020.2-3) ...
Selecting previously unselected package librttopo1:arm64.
Preparing to unpack .../31-librttopo1_1.1.0-2_arm64.deb ...
Unpacking librttopo1:arm64 (1.1.0-2) ...
Selecting previously unselected package libspatialite7:arm64.
Preparing to unpack .../32-libspatialite7_5.0.1-2_arm64.deb ...
Unpacking libspatialite7:arm64 (5.0.1-2) ...
Selecting previously unselected package libxerces-c3.2:arm64.
Preparing to unpack .../33-libxerces-c3.2_3.2.3+debian-3_arm64.deb ...
Unpacking libxerces-c3.2:arm64 (3.2.3+debian-3) ...
Selecting previously unselected package odbcinst.
Preparing to unpack .../34-odbcinst_2.3.6-0.1+b1_arm64.deb ...
Unpacking odbcinst (2.3.6-0.1+b1) ...
Selecting previously unselected package odbcinst1debian2:arm64.
Preparing to unpack .../35-odbcinst1debian2_2.3.6-0.1+b1_arm64.deb ...
Unpacking odbcinst1debian2:arm64 (2.3.6-0.1+b1) ...
Selecting previously unselected package libgdal28.
Preparing to unpack .../36-libgdal28_3.2.2+dfsg-2+deb11u1_arm64.deb ...
Unpacking libgdal28 (3.2.2+dfsg-2+deb11u1) ...
Selecting previously unselected package libsocket++1:arm64.
Preparing to unpack .../37-libsocket++1_1.12.13-11_arm64.deb ...
Unpacking libsocket++1:arm64 (1.12.13-11) ...
Selecting previously unselected package libgdcm3.0:arm64.
Preparing to unpack .../38-libgdcm3.0_3.0.8-2_arm64.deb ...
Unpacking libgdcm3.0:arm64 (3.0.8-2) ...
Selecting previously unselected package liblept5:arm64.
Preparing to unpack .../39-liblept5_1.79.0-1.1_arm64.deb ...
Unpacking liblept5:arm64 (1.79.0-1.1) ...
Selecting previously unselected package libtbb2:arm64.
Preparing to unpack .../40-libtbb2_2020.3-1_arm64.deb ...
Unpacking libtbb2:arm64 (2020.3-1) ...
Selecting previously unselected package libopencv-core4.5:arm64.
Preparing to unpack .../41-libopencv-core4.5_4.5.1+dfsg-5_arm64.deb ...
Unpacking libopencv-core4.5:arm64 (4.5.1+dfsg-5) ...
Selecting previously unselected package libopencv-flann4.5:arm64.
Preparing to unpack .../42-libopencv-flann4.5_4.5.1+dfsg-5_arm64.deb ...
Unpacking libopencv-flann4.5:arm64 (4.5.1+dfsg-5) ...
Selecting previously unselected package libopencv-imgproc4.5:arm64.
Preparing to unpack .../43-libopencv-imgproc4.5_4.5.1+dfsg-5_arm64.deb ...
Unpacking libopencv-imgproc4.5:arm64 (4.5.1+dfsg-5) ...
Selecting previously unselected package libopencv-features2d4.5:arm64.
Preparing to unpack .../44-libopencv-features2d4.5_4.5.1+dfsg-5_arm64.deb ...
Unpacking libopencv-features2d4.5:arm64 (4.5.1+dfsg-5) ...
Selecting previously unselected package libopencv-calib3d4.5:arm64.
Preparing to unpack .../45-libopencv-calib3d4.5_4.5.1+dfsg-5_arm64.deb ...
Unpacking libopencv-calib3d4.5:arm64 (4.5.1+dfsg-5) ...
Selecting previously unselected package libprotobuf23:arm64.
Preparing to unpack .../46-libprotobuf23_3.12.4-1_arm64.deb ...
Unpacking libprotobuf23:arm64 (3.12.4-1) ...
Selecting previously unselected package libopencv-dnn4.5:arm64.
Preparing to unpack .../47-libopencv-dnn4.5_4.5.1+dfsg-5_arm64.deb ...
Unpacking libopencv-dnn4.5:arm64 (4.5.1+dfsg-5) ...
Selecting previously unselected package libopencv-imgcodecs4.5:arm64.
Preparing to unpack .../48-libopencv-imgcodecs4.5_4.5.1+dfsg-5_arm64.deb ...
Unpacking libopencv-imgcodecs4.5:arm64 (4.5.1+dfsg-5) ...
Selecting previously unselected package libopencv-highgui4.5:arm64.
Preparing to unpack .../49-libopencv-highgui4.5_4.5.1+dfsg-5_arm64.deb ...
Unpacking libopencv-highgui4.5:arm64 (4.5.1+dfsg-5) ...
Selecting previously unselected package libopencv-ml4.5:arm64.
Preparing to unpack .../50-libopencv-ml4.5_4.5.1+dfsg-5_arm64.deb ...
Unpacking libopencv-ml4.5:arm64 (4.5.1+dfsg-5) ...
Selecting previously unselected package libopencv-objdetect4.5:arm64.
Preparing to unpack .../51-libopencv-objdetect4.5_4.5.1+dfsg-5_arm64.deb ...
Unpacking libopencv-objdetect4.5:arm64 (4.5.1+dfsg-5) ...
Selecting previously unselected package libopencv-video4.5:arm64.
Preparing to unpack .../52-libopencv-video4.5_4.5.1+dfsg-5_arm64.deb ...
Unpacking libopencv-video4.5:arm64 (4.5.1+dfsg-5) ...
Selecting previously unselected package libtesseract4:arm64.
Preparing to unpack .../53-libtesseract4_4.1.1-2.1_arm64.deb ...
Unpacking libtesseract4:arm64 (4.1.1-2.1) ...
Selecting previously unselected package libopencv-contrib4.5:arm64.
Preparing to unpack .../54-libopencv-contrib4.5_4.5.1+dfsg-5_arm64.deb ...
Unpacking libopencv-contrib4.5:arm64 (4.5.1+dfsg-5) ...
Selecting previously unselected package libopencv-photo4.5:arm64.
Preparing to unpack .../55-libopencv-photo4.5_4.5.1+dfsg-5_arm64.deb ...
Unpacking libopencv-photo4.5:arm64 (4.5.1+dfsg-5) ...
Selecting previously unselected package libopencv-shape4.5:arm64.
Preparing to unpack .../56-libopencv-shape4.5_4.5.1+dfsg-5_arm64.deb ...
Unpacking libopencv-shape4.5:arm64 (4.5.1+dfsg-5) ...
Selecting previously unselected package libopencv-stitching4.5:arm64.
Preparing to unpack .../57-libopencv-stitching4.5_4.5.1+dfsg-5_arm64.deb ...
Unpacking libopencv-stitching4.5:arm64 (4.5.1+dfsg-5) ...
Selecting previously unselected package libopencv-videoio4.5:arm64.
Preparing to unpack .../58-libopencv-videoio4.5_4.5.1+dfsg-5_arm64.deb ...
Unpacking libopencv-videoio4.5:arm64 (4.5.1+dfsg-5) ...
Selecting previously unselected package proj-bin.
Preparing to unpack .../59-proj-bin_7.2.1-1_arm64.deb ...
Unpacking proj-bin (7.2.1-1) ...
Selecting previously unselected package python3-opencv.
Preparing to unpack .../60-python3-opencv_4.5.1+dfsg-5_arm64.deb ...
Unpacking python3-opencv (4.5.1+dfsg-5) ...
Setting up mysql-common (5.8+1.0.7) ...
update-alternatives: using /etc/mysql/my.cnf.fallback to provide /etc/mysql/my.cnf (my.cnf) i                                                                                                n auto mode
Setting up libxerces-c3.2:arm64 (3.2.3+debian-3) ...
Setting up proj-data (7.2.1-1) ...
Setting up libogdi4.1 (4.1.0+ds-5) ...
Setting up libqhull8.0:arm64 (2020.2-3) ...
Setting up libcharls2:arm64 (2.2.0+dfsg-2) ...
Setting up libminizip1:arm64 (1.1-8+b1) ...
Setting up libheif1:arm64 (1.11.0-1) ...
Setting up libtbb2:arm64 (2020.3-1) ...
Setting up libarpack2:arm64 (3.8.0-1) ...
Setting up libpq5:arm64 (13.5-0+deb11u1) ...
Setting up libsuperlu5:arm64 (5.2.2+dfsg1-2) ...
Setting up libprotobuf23:arm64 (3.12.4-1) ...
Setting up libepsilon1:arm64 (0.9.2+dfsg-5) ...
Setting up gdal-data (3.2.2+dfsg-2+deb11u1) ...
Setting up liblept5:arm64 (1.79.0-1.1) ...
Setting up libdap27:arm64 (3.20.7-6) ...
Setting up libcfitsio9:arm64 (3.490-3) ...
Setting up mariadb-common (1:10.5.12-0+deb11u1) ...
update-alternatives: using /etc/mysql/mariadb.cnf to provide /etc/mysql/my.cnf (my.cnf) in au                                                                                                to mode
Setting up libmariadb3:arm64 (1:10.5.12-0+deb11u1) ...
Setting up libsocket++1:arm64 (1.12.13-11) ...
Setting up libodbc1:arm64 (2.3.6-0.1+b1) ...
Setting up libtesseract4:arm64 (4.1.1-2.1) ...
Setting up libhdf4-0-alt (4.2.15-3) ...
Setting up liburiparser1:arm64 (0.9.4+dfsg-1+deb11u1) ...
Setting up libfreexl1:arm64 (1.0.6-1) ...
Setting up libgeos-3.9.0:arm64 (3.9.0-1) ...
Setting up libfyba0:arm64 (4.1.1-7) ...
Setting up libnetcdf18:arm64 (1:4.7.4-1) ...
Setting up libkmlbase1:arm64 (1.3.0-9) ...
Setting up libdapclient6v5:arm64 (3.20.7-6) ...
Setting up libproj19:arm64 (7.2.1-1) ...
Setting up libkmldom1:arm64 (1.3.0-9) ...
Setting up libarmadillo10 (1:10.1.2+dfsg-6) ...
Setting up libkmlengine1:arm64 (1.3.0-9) ...
Setting up libopencv-core4.5:arm64 (4.5.1+dfsg-5) ...
Setting up libopencv-imgproc4.5:arm64 (4.5.1+dfsg-5) ...
Setting up proj-bin (7.2.1-1) ...
Setting up libgeotiff5:arm64 (1.6.0-1) ...
Setting up libopencv-flann4.5:arm64 (4.5.1+dfsg-5) ...
Setting up libgdcm3.0:arm64 (3.0.8-2) ...
Setting up libgeos-c1v5:arm64 (3.9.0-1) ...
Setting up libopencv-dnn4.5:arm64 (4.5.1+dfsg-5) ...
Setting up librttopo1:arm64 (1.1.0-2) ...
Setting up libopencv-ml4.5:arm64 (4.5.1+dfsg-5) ...
Setting up libopencv-photo4.5:arm64 (4.5.1+dfsg-5) ...
Setting up libspatialite7:arm64 (5.0.1-2) ...
Setting up libopencv-features2d4.5:arm64 (4.5.1+dfsg-5) ...
Setting up libopencv-calib3d4.5:arm64 (4.5.1+dfsg-5) ...
Setting up libopencv-shape4.5:arm64 (4.5.1+dfsg-5) ...
Setting up libopencv-video4.5:arm64 (4.5.1+dfsg-5) ...
Setting up libopencv-stitching4.5:arm64 (4.5.1+dfsg-5) ...
Setting up libopencv-objdetect4.5:arm64 (4.5.1+dfsg-5) ...
Setting up odbcinst (2.3.6-0.1+b1) ...
Setting up odbcinst1debian2:arm64 (2.3.6-0.1+b1) ...
Setting up libgdal28 (3.2.2+dfsg-2+deb11u1) ...
Setting up libopencv-imgcodecs4.5:arm64 (4.5.1+dfsg-5) ...
Setting up libopencv-highgui4.5:arm64 (4.5.1+dfsg-5) ...
Setting up libopencv-videoio4.5:arm64 (4.5.1+dfsg-5) ...
Setting up libopencv-contrib4.5:arm64 (4.5.1+dfsg-5) ...
Setting up python3-opencv (4.5.1+dfsg-5) ...
Processing triggers for libc-bin (2.31-13+rpt2+rpi1+deb11u2) ...
Processing triggers for man-db (2.9.4-2) ...
pi@raspberrypi:~/Documents/S3 $ python3
Python 3.9.2 (default, Feb 28 2021, 17:03:44)
[GCC 10.2.1 20210110] on linux
Type "help", "copyright", "credits" or "license" for more information.
>>> import cv2
>>> cv2.__version__
'4.5.5'
>>> quit()
pi@raspberrypi:~/Documents/S3 $
pi@raspberrypi:~/Documents/S3 $ LD_PRELOAD=/usr/lib/arm-linux-gnueabihf/libatomic.so.1 python                                                                                                3
ERROR: ld.so: object '/usr/lib/arm-linux-gnueabihf/libatomic.so.1' from LD_PRELOAD cannot be                                                                                                 preloaded (cannot open shared object file): ignored.
Python 3.9.2 (default, Feb 28 2021, 17:03:44)
[GCC 10.2.1 20210110] on linux
Type "help", "copyright", "credits" or "license" for more information.
>>> LD_PRELOAD=/usr/lib/arm-linux-gnueabihf/libatomic.so.1 python3
  File "<stdin>", line 1
    LD_PRELOAD=/usr/lib/arm-linux-gnueabihf/libatomic.so.1 python3
               ^
SyntaxError: invalid syntax
>>> quit()
pi@raspberrypi:~/Documents/S3 $ raspi-config
Script must be run as root. Try 'sudo raspi-config'
pi@raspberrypi:~/Documents/S3 $ sudo raspi-config

Welcome to fdisk (util-linux 2.36.1).
Changes will remain in memory only, until you decide to write them.
Be careful before using the write command.


Command (m for help): Disk /dev/mmcblk0: 119.38 GiB, 128177930240 bytes, 250347520 sectors
Units: sectors of 1 * 512 = 512 bytes
Sector size (logical/physical): 512 bytes / 512 bytes
I/O size (minimum/optimal): 512 bytes / 512 bytes
Disklabel type: dos
Disk identifier: 0xc1033556

Device         Boot  Start       End   Sectors   Size Id Type
/dev/mmcblk0p1        8192    532479    524288   256M  c W95 FAT32 (LBA)
/dev/mmcblk0p2      532480 250347519 249815040 119.1G 83 Linux

Command (m for help): Partition number (1,2, default 2):
Partition 2 has been deleted.

Command (m for help): Partition type
   p   primary (1 primary, 0 extended, 3 free)
   e   extended (container for logical partitions)
Select (default p): Partition number (2-4, default 2): First sector (2048-250347519, default 2048): Last sector, +/-sectors or +/-size{K,M,G,T,P} (532480-250347519, default 250347519):
Created a new partition 2 of type 'Linux' and of size 119.1 GiB.
Partition #2 contains a ext4 signature.

Command (m for help):
Disk /dev/mmcblk0: 119.38 GiB, 128177930240 bytes, 250347520 sectors
Units: sectors of 1 * 512 = 512 bytes
Sector size (logical/physical): 512 bytes / 512 bytes
I/O size (minimum/optimal): 512 bytes / 512 bytes
Disklabel type: dos
Disk identifier: 0xc1033556

Device         Boot  Start       End   Sectors   Size Id Type
/dev/mmcblk0p1        8192    532479    524288   256M  c W95 FAT32 (LBA)
/dev/mmcblk0p2      532480 250347519 249815040 119.1G 83 Linux

Command (m for help): The partition table has been altered.
Syncing disks.

pi@raspberrypi:~/Documents/S3 $ history
    1  dir
    2  cd Documents
    3  mkdir S3
    4  cd S3/
    5  wget https://bootstrap.pypa.io/get-pip.py
    6  wget https://bootstrap.pypa.io/get-pip.py
    7  sudo python3 get-pip.py
    8  sudo apt-get update
    9  t
   10  sudo apt-get install build-essential cmake pkg-config libjpeg-dev libtiff5-dev libjasper-dev libpng-dev libavcodec-dev libavformat-dev libswscale-dev libv4l-dev libxvidcore-dev libx264-dev libfontconfig1-dev libcairo2-dev libgdk-pixbuf2.0-dev libpango1.0-dev libgtk2.0-dev libgtk-3-dev libatlas-base-dev gfortran libhdf5-dev libhdf5-serial-dev libhdf5-103 libqtgui4 libqtwebkit4 libqt4-test python3-pyqt5 python3-dev -y
   11  sudo apt-get upgrade
   12  sudo apt-get install build-essential cmake pkg-config libjpeg-dev libtiff5-dev libjasper-dev libpng-dev libavcodec-dev libavformat-dev libswscale-dev libv4l-dev libxvidcore-dev libx264-dev libfontconfig1-dev libcairo2-dev libgdk-pixbuf2.0-dev libpango1.0-dev libgtk2.0-dev libgtk-3-dev libatlas-base-dev gfortran libhdf5-dev libhdf5-serial-dev libhdf5-103 libqtgui4 libqtwebkit4 libqt4-test python3-pyqt5 python3-dev -y
   13  apt-cache search libqtgui4
   14  sudo apt-get install build-essential cmake pkg-config libjpeg-dev libtiff5-dev libpng-dev libavcodec-dev libavformat-dev libswscale-dev libv4l-dev libxvidcore-dev libx264-dev libfontconfig1-dev libcairo2-dev libgdk-pixbuf2.0-dev libpango1.0-dev libgtk2.0-dev libgtk-3-dev libatlas-base-dev gfortran libhdf5-dev libhdf5-serial-dev libhdf5-103 python3-pyqt5 python3-dev -y
   15  sudo apt-get install build-essential cmake pkg-config libjpeg-dev libtiff5-dev libjasper-dev libpng-dev libavcodec-dev libavformat-dev libswscale-dev libv4l-dev libxvidcore-dev libx264-dev libfontconfig1-dev libcairo2-dev libgdk-pixbuf2.0-dev libpango1.0-dev libgtk2.0-dev libgtk-3-dev libatlas-base-dev gfortran libhdf5-dev libhdf5-serial-dev libhdf5-103 libqtgui4 libqtwebkit4 libqt4-test python3-pyqt5 python3-dev -y
   16  sudo apt install gtbase5-dev
   17  sudo apt update
   18  pip install opencv-contrib-python
   19  pip install opencv-contrib-pyhton==4.1.0.25
   20  pip install opencv-contrib-python==4.1.0.25
   21  echo 'Couldnt find it with pip so using apt-get'\
   22  echo 'Couldnt find it with pip so using apt-get'
   23  sudo apt-get isntall pyhton-opencv
   24  sudo apt-get install pyhton-opencv
   25  sudo apt-get install python-opencv
   26  apt-cache search python-opencv
   27  apt-cache search opencv
   28  sudo apt-get install python3-opencv
   29  python3
   30  LD_PRELOAD=/usr/lib/arm-linux-gnueabihf/libatomic.so.1 python3
   31  raspi-config
   32  sudo raspi-config
   33  history
pi@raspberrypi:~/Documents/S3 $





SETTING LOCALE FOR WIFI FUNCTIONALITY


	login as: pi
	pi@192.168.0.123's password:
	Linux raspberrypi 5.10.92-v8+ #1514 SMP PREEMPT Mon Jan 17 17:39:38 GMT 2022 aarch64

	The programs included with the Debian GNU/Linux system are free software;
	the exact distribution terms for each program are described in the
	individual files in /usr/share/doc/*/copyright.

	Debian GNU/Linux comes with ABSOLUTELY NO WARRANTY, to the extent
	permitted by applicable law.
	Last login: Mon Mar  7 23:11:59 2022

	SSH is enabled and the default password for the 'pi' user has not been changed.
	This is a security risk - please login as the 'pi' user and type 'passwd' to set a new password.


	Wi-Fi is currently blocked by rfkill.
	Use raspi-config to set the country before use.

	pi@raspberrypi:~ $ sudo raspi-config
	Generating locales (this might take a while)...
	  en_GB.UTF-8... done
	  en_US.UTF-8... done
	Generation complete.
	OK




vnc time & change pw & vnc-> test cat face detection

	login as: pi
	pi@192.168.0.123's password:
	Linux raspberrypi 5.10.92-v8+ #1514 SMP PREEMPT Mon Jan 17 17:39:38 GMT 2022 aarch64

	The programs included with the Debian GNU/Linux system are free software;
	the exact distribution terms for each program are described in the
	individual files in /usr/share/doc/*/copyright.

	Debian GNU/Linux comes with ABSOLUTELY NO WARRANTY, to the extent
	permitted by applicable law.
	Last login: Mon Mar  7 23:18:17 2022

	SSH is enabled and the default password for the 'pi' user has not been changed.
	This is a security risk - please login as the 'pi' user and type 'passwd' to set a new password.

	pi@raspberrypi:~ $ sudo raspi-config
	Created symlink /etc/systemd/system/multi-user.target.wants/vncserver-x11-serviced.service → /lib/systemd/system/vncserver-x11-serviced.service.
	pi@raspberrypi:~ $ echo 'turned on vncserver ; then used vncviewer at raspberrypi.local:0 to login to the pis desktop'
	turned on vncserver ; then used vncviewer at raspberrypi.local:0 to login to the pis desktop
	pi@raspberrypi:~ $ echo 's3_pewpew_kitty!! is the pi pw'
	s3_pewpew_kitty!! is the pi pw
	pi@raspberrypi:~ $ sudo raspi-config

Neglected to enable the camera interface, did so and rebooted - trying again.


Then we had some syntax errors from teh demo code:


	pi@raspberrypi:~ $ cd Documents/S3/test1/
	pi@raspberrypi:~/Documents/S3/test1 $ python cat_face.py 
	Traceback (most recent call last):
	  File "/home/pi/Documents/S3/test1/cat_face.py", line 29, in <module>
		faces = face_cascade.detectMultiScale(gray, 1.3, 5) 
	cv2.error: OpenCV(4.5.5) /io/opencv/modules/objdetect/src/cascadedetect.cpp:1689: error: (-215:Assertion failed) !empty() in function 'detectMultiScale'

	pi@raspberrypi:~/Documents/S3/test1 $ nano --linenumbers cat_face.py 
	pi@raspberrypi:~/Documents/S3/test1 $ python cat_face.py 
	qt.qpa.xcb: failed to initialize XRandr
	qt.qpa.xcb: X server does not support XInput 2
	qt.qpa.xcb: QXcbConnection: XCB error: 1 (BadRequest), sequence: 170, resource id: 53, major code: 131 (Unknown), minor code: 47
	^CTraceback (most recent call last):
	  File "/home/pi/Documents/S3/test1/cat_face.py", line 42, in <module>
		k = cv2.waitKey(30) & 0xff
	KeyboardInterrupt

	pi@raspberrypi:~/Documents/S3/test1 $ 
	
Once those were completed, the demo code worked fine! Cat faces are identifyable 




